<html>
<body>
<pre>
<h1>µVision Build Log</h1>
<h2>Tool Versions:</h2>
IDE-Version: µVision V5.25.2.0
Copyright (C) 2018 ARM Ltd and ARM Germany GmbH. All rights reserved.
License Information: Peter Foy, Arrow, LIC=V859V-8YEW8-38ALB-KSEL2-NJ0C2-Q06LT
 
Tool Versions:
Toolchain:       MDK-ARM Professional  Version: 5.25.2.0
Toolchain Path:  C:\Keil_v5\ARM\ARMCC\Bin
C Compiler:      Armcc.exe V5.06 update 6 (build 750)
Assembler:       Armasm.exe V5.06 update 6 (build 750)
Linker/Locator:  ArmLink.exe V5.06 update 6 (build 750)
Library Manager: ArmAr.exe V5.06 update 6 (build 750)
Hex Converter:   FromElf.exe V5.06 update 6 (build 750)
CPU DLL:         
Dialog DLL:      DCM.DLL V1.17.1.0
Target DLL:      Segger\JL2CM3.dll V2.99.29.0
Dialog DLL:      TCM.DLL V1.35.1.0
 
<h2>Project:</h2>
C:\Keil_v5\Mbed\BTS-PA-REVC\mbed-os-bts-pa-revc-cellular\mbed-os-bts-pa-cellular.uvprojx
Project File Date:  05/31/2018

<h2>Output:</h2>
*** Using Compiler 'V5.06 update 6 (build 750)', folder: 'C:\Keil_v5\ARM\ARMCC\Bin'
Rebuild target 'mbed-os-bts-pa-cellular'
compiling aesni.c...
compiling arc4.c...
compiling aes.c...
compiling analogin_api.c...
mbed-os/targets/TARGET_Silicon_Labs/TARGET_EFM32/TARGET_EFM32WG/TARGET_EFM32WG_STK3800/PinNames.h(33): warning:  #66-D: enumeration value is out of "int" range
      EFM32_STANDARD_PIN_DEFINITIONS,
mbed-os/targets/TARGET_Silicon_Labs/TARGET_EFM32/analogin_api.c: 1 warning, 0 errors
compiling aes_aes.c...
compiling arm_hal_interrupt.c...
compiling AnalogIn.cpp...
compiling analogout_api.c...
mbed-os/targets/TARGET_Silicon_Labs/TARGET_EFM32/TARGET_EFM32WG/TARGET_EFM32WG_STK3800/PinNames.h(33): warning:  #66-D: enumeration value is out of "int" range
      EFM32_STANDARD_PIN_DEFINITIONS,
mbed-os/targets/TARGET_Silicon_Labs/TARGET_EFM32/analogout_api.c(106): warning:  #111-D: statement is unreachable
              break;
mbed-os/targets/TARGET_Silicon_Labs/TARGET_EFM32/analogout_api.c(109): warning:  #111-D: statement is unreachable
              break;
mbed-os/targets/TARGET_Silicon_Labs/TARGET_EFM32/analogout_api.c(113): warning:  #111-D: statement is unreachable
              break;
mbed-os/targets/TARGET_Silicon_Labs/TARGET_EFM32/analogout_api.c: 4 warnings, 0 errors
compiling arm_hal_random.c...
compiling asn1parse.c...
compiling asn1write.c...
compiling AT_CellularBase.cpp...
compiling AT_CellularDevice.cpp...
compiling AT_CellularInformation.cpp...
compiling arm_hal_timer.cpp...
compiling AT_CellularNetwork.cpp...
compiling AT_CellularPower.cpp...
compiling AT_CellularSIM.cpp...
compiling AT_CellularSMS.cpp...
compiling base64.c...
compiling AT_CellularStack.cpp...
compiling ATCmdParser.cpp...
compiling blowfish.c...
compiling ATHandler.cpp...
compiling BusIn.cpp...
compiling bignum.c...
compiling CallChain.cpp...
compiling BusOut.cpp...
compiling BusInOut.cpp...
compiling CellularUtil.cpp...
compiling camellia.c...
compiling CAN.cpp...
compiling ccm.c...
compiling certs.c...
compiling cmsis_os1.c...
compiling common_functions.c...
compiling cmac.c...
compiling cipher_wrap.c...
compiling cipher.c...
compiling cs_nvm.c...
compiling crypto_aes.c...
compiling crypto_ecp.c...
compiling CellularConnectionFSM.cpp...
compiling ConditionVariable.cpp...
compiling ChainingBlockDevice.cpp...
compiling crypto_management.c...
mbed-os/features/mbedtls/targets/TARGET_Silicon_Labs/crypto_management.h(128): warning:  #1-D: last line of file ends without a newline
  #endif /* CRYPTO_MANAGEMENT_H */
mbed-os/features/mbedtls/targets/TARGET_Silicon_Labs/crypto_management.c: 1 warning, 0 errors
compiling crypto_sha.c...
compiling ctr_drbg.c...
compiling des.c...
compiling debug.c...
compiling dhm.c...
compiling dma_api.c...
compiling ecdh.c...
compiling ecdsa.c...
compiling EasyCellularConnection.cpp...
compiling ecjpake.c...
compiling Dir.cpp...
compiling em_adc.c...
compiling ecp_curves.c...
compiling em_acmp.c...
compiling em_assert.c...
compiling ecp.c...
compiling em_cryotimer.c...
compiling em_burtc.c...
compiling em_aes.c...
compiling em_can.c...
compiling em_cmu.c...
compiling em_csen.c...
compiling em_core.c...
compiling em_crypto.c...
compiling em_dbg.c...
compiling em_gpcrc.c...
compiling em_dac.c...
compiling em_emu.c...
compiling em_ebi.c...
compiling em_gpio.c...
compiling em_dma.c...
compiling em_i2c.c...
compiling em_idac.c...
compiling em_ldma.c...
compiling em_lesense.c...
compiling em_lcd.c...
compiling em_leuart.c...
compiling em_mpu.c...
compiling em_msc.c...
compiling em_letimer.c...
compiling em_pcnt.c...
compiling em_qspi.c...
compiling em_opamp.c...
compiling em_prs.c...
compiling em_rtc.c...
compiling em_rmu.c...
compiling em_system.c...
compiling em_rtcc.c...
compiling emac_lwip.c...
compiling emac_stack_lwip.cpp...
compiling em_vcmp.c...
compiling em_timer.c...
compiling em_usart.c...
compiling entropy.c...
compiling em_vdac.c...
compiling em_wdog.c...
compiling entropy_poll.c...
compiling equeue.c...
compiling error.c...
compiling event.c...
compiling equeue_posix.c...
compiling Ethernet.cpp...
assembling except.S...
compiling ffunicode.cpp...
compiling EventFlags.cpp...
compiling equeue_mbed.cpp...
compiling ff.cpp...
mbed-os/features/filesystem/fat/ChaN/ff.cpp(1660): warning:  #1293-D: assignment in condition
  	for (szb = ((DWORD)fs->csize * SS(fs) >= MAX_MALLOC) ? MAX_MALLOC : fs->csize * SS(fs); szb > SS(fs) && !(ibuf = (BYTE *)ff_memalloc(szb)); szb /= 2) ;
mbed-os/features/filesystem/fat/ChaN/ff.cpp(5585): warning:  #1293-D: assignment in condition
  		for (szb_buf = MAX_MALLOC, buf = 0; szb_buf >= ss && !(buf = (BYTE *)ff_memalloc(szb_buf)); szb_buf /= 2) ;
mbed-os/features/filesystem/fat/ChaN/ff.cpp: 2 warnings, 0 errors
compiling EthernetInterface.cpp...
compiling FileHandle.cpp...
compiling EventQueue.cpp...
compiling ExhaustibleBlockDevice.cpp...
compiling FileBase.cpp...
compiling FATFileSystem.cpp...
compiling File.cpp...
compiling FilePath.cpp...
compiling flash_api.c...
mbed-os/targets/TARGET_Silicon_Labs/TARGET_EFM32/TARGET_EFM32WG/TARGET_EFM32WG_STK3800/PinNames.h(33): warning:  #66-D: enumeration value is out of "int" range
      EFM32_STANDARD_PIN_DEFINITIONS,
mbed-os/targets/TARGET_Silicon_Labs/TARGET_EFM32/flash_api.c: 1 warning, 0 errors
compiling gcm.c...
compiling gpio_irq_api.c...
mbed-os/targets/TARGET_Silicon_Labs/TARGET_EFM32/TARGET_EFM32WG/TARGET_EFM32WG_STK3800/PinNames.h(33): warning:  #66-D: enumeration value is out of "int" range
      EFM32_STANDARD_PIN_DEFINITIONS,
mbed-os/targets/TARGET_Silicon_Labs/TARGET_EFM32/gpio_irq_api.c(135): warning:  #550-D: variable "was_disabled"  was set but never used
      bool was_disabled = false;
mbed-os/targets/TARGET_Silicon_Labs/TARGET_EFM32/gpio_irq_api.c: 2 warnings, 0 errors
compiling FlashIAP.cpp...
compiling gpio_api.c...
mbed-os/targets/TARGET_Silicon_Labs/TARGET_EFM32/TARGET_EFM32WG/TARGET_EFM32WG_STK3800/PinNames.h(33): warning:  #66-D: enumeration value is out of "int" range
      EFM32_STANDARD_PIN_DEFINITIONS,
mbed-os/targets/TARGET_Silicon_Labs/TARGET_EFM32/gpio_api.c: 1 warning, 0 errors
compiling FileSystem.cpp...
compiling FileSystemHandle.cpp...
compiling havege.c...
compiling greentea_serial.cpp...
compiling hmac_drbg.c...
compiling hash_wrappers.c...
compiling greentea_metrics.cpp...
compiling ip6tos.c...
compiling i2c_api.c...
mbed-os/targets/TARGET_Silicon_Labs/TARGET_EFM32/TARGET_EFM32WG/TARGET_EFM32WG_STK3800/PinNames.h(33): warning:  #66-D: enumeration value is out of "int" range
      EFM32_STANDARD_PIN_DEFINITIONS,
mbed-os/targets/TARGET_Silicon_Labs/TARGET_EFM32/i2c_api.c: 1 warning, 0 errors
compiling ip_fsc.c...
compiling I2CSlave.cpp...
compiling InterruptManager.cpp...
compiling I2C.cpp...
compiling greentea_test_env.cpp...
compiling itm_api.c...
assembling irq_cm4f.S...
compiling InterruptIn.cpp...
compiling HeapBlockDevice.cpp...
compiling lfs_util.c...
compiling lfs.c...
compiling LocalFileSystem.cpp...
compiling LoRaMacCommand.cpp...
compiling LoRaMacCrypto.cpp...
compiling LoRaMacChannelPlan.cpp...
compiling Kernel.cpp...
compiling LittleFileSystem.cpp...
compiling LoRaMacMcps.cpp...
compiling LoRaMac.cpp...
compiling LoRaMacMlme.cpp...
compiling LoRaMacMib.cpp...
compiling LoRaPHYAS923.cpp...
compiling LoRaPHYCN779.cpp...
compiling LoRaPHYAU915.cpp...
compiling LoRaPHYCN470.cpp...
compiling LoRaPHY.cpp...
compiling LoRaPHYEU433.cpp...
compiling LoRaPHYEU868.cpp...
compiling LoRaPHYIN865.cpp...
compiling LoRaPHYUS915.cpp...
compiling LoRaPHYKR920.cpp...
compiling LoRaPHYUS915Hybrid.cpp...
compiling LoRaWANTimer.cpp...
compiling LoRaWANInterface.cpp...
compiling LoRaWANStack.cpp...
compiling lp_ticker.c...
mbed-os/targets/TARGET_Silicon_Labs/TARGET_EFM32/TARGET_EFM32WG/TARGET_EFM32WG_STK3800/PinNames.h(33): warning:  #66-D: enumeration value is out of "int" range
      EFM32_STANDARD_PIN_DEFINITIONS,
mbed-os/targets/TARGET_Silicon_Labs/TARGET_EFM32/lp_ticker.c: 1 warning, 0 errors
compiling lwip_arc4.c...
compiling lwip_api_lib.c...
compiling lwip_autoip.c...
compiling lwip_checksum.c...
compiling lwip_auth.c...
compiling lwip_ccp.c...
compiling lwip_api_msg.c...
compiling lwip_chap-md5.c...
compiling lwip_chap-new.c...
compiling lwip_chap_ms.c...
compiling lwip_def.c...
compiling lwip_des.c...
compiling lwip_demand.c...
compiling lwip_dhcp.c...
compiling lwip_dhcp6.c...
compiling lwip_ecp.c...
compiling lwip_eap.c...
compiling lwip_err.c...
compiling lwip_dns.c...
compiling lwip_etharp.c...
compiling lwip_ethernet.c...
compiling lwip_ethernetif.c...
compiling lwip_ethip6.c...
compiling lwip_eui64.c...
compiling lwip_icmp6.c...
compiling lwip_inet6.c...
compiling lwip_fsm.c...
mbed-os/features/FEATURE_LWIP/lwip-interface/lwip/src/netif/ppp/lwip_fsm.c(526): warning:  #1293-D: assignment in condition
  	    || !(ret = f->callbacks->nakci(f, inp, len, treat_as_reject))) {
mbed-os/features/FEATURE_LWIP/lwip-interface/lwip/src/netif/ppp/lwip_fsm.c(533): warning:  #1293-D: assignment in condition
  	    || !(ret = f->callbacks->rejci(f, inp, len))) {
mbed-os/features/FEATURE_LWIP/lwip-interface/lwip/src/netif/ppp/lwip_fsm.c: 2 warnings, 0 errors
compiling lwip_icmp.c...
compiling lwip_igmp.c...
compiling lwip_inet_chksum.c...
compiling lwip_ip6.c...
compiling lwip_ip6_addr.c...
compiling lwip_ip4_addr.c...
compiling lwip_ip.c...
compiling lwip_ip4.c...
compiling lwip_init.c...
compiling lwip_ip4_frag.c...
compiling lwip_ip6_frag.c...
compiling lwip_ipv6cp.c...
compiling lwip_lowpan6.c...
compiling lwip_memcpy.c...
compiling lwip_md4.c...
compiling lwip_lcp.c...
compiling lwip_md5.c...
compiling lwip_magic.c...
compiling lwip_ipcp.c...
compiling lwip_mem.c...
compiling lwip_mppe.c...
compiling lwip_mld6.c...
compiling lwip_memp.c...
compiling lwip_multilink.c...
compiling lwip_netdb.c...
compiling lwip_nd6.c...
compiling lwip_netbuf.c...
compiling lwip_netifapi.c...
compiling lwip_netif.c...
compiling lwip_pbuf.c...
compiling lwip_pppcrypt.c...
compiling lwip_pppoe.c...
compiling lwip_pppol2tp.c...
compiling lwip_ppp.c...
compiling lwip_random.c...
compiling lwip_pppapi.c...
compiling lwip_pppos.c...
compiling lwip_sha1.c...
compiling lwip_raw.c...
compiling lwip_sockets.c...
compiling lwip_stats.c...
compiling lwip_sys.c...
compiling lwip_sys_arch.c...
mbed-os/targets/TARGET_Silicon_Labs/TARGET_EFM32/TARGET_EFM32WG/TARGET_EFM32WG_STK3800/PinNames.h(33): warning:  #66-D: enumeration value is out of "int" range
      EFM32_STANDARD_PIN_DEFINITIONS,
mbed-os/features/FEATURE_LWIP/lwip-interface/lwip-sys/arch/lwip_sys_arch.c: 1 warning, 0 errors
compiling lwip_tcp.c...
compiling lwip_tcp_out.c...
compiling lwip_stack.c...
mbed-os/targets/TARGET_Silicon_Labs/TARGET_EFM32/TARGET_EFM32WG/TARGET_EFM32WG_STK3800/PinNames.h(33): warning:  #66-D: enumeration value is out of "int" range
      EFM32_STANDARD_PIN_DEFINITIONS,
mbed-os/features/FEATURE_LWIP/lwip-interface/lwip_stack.c(442): warning:  #550-D: variable "lwip_ppp"  was set but never used
  static bool lwip_ppp = false;
mbed-os/features/FEATURE_LWIP/lwip-interface/lwip_stack.c: 2 warnings, 0 errors
compiling lwip_tcp_in.c...
compiling lwip_tcp_isn.c...
compiling lwip_tcpip.c...
compiling mbed_alloc_wrappers.cpp...
compiling lwip_upap.c...
compiling lwip_vj.c...
compiling lwip_udp.c...
compiling lwip_timeouts.c...
compiling mbed_application.c...
mbed-os/targets/TARGET_Silicon_Labs/TARGET_EFM32/TARGET_EFM32WG/TARGET_EFM32WG_STK3800/PinNames.h(33): warning:  #66-D: enumeration value is out of "int" range
      EFM32_STANDARD_PIN_DEFINITIONS,
mbed-os/platform/mbed_application.c: 1 warning, 0 errors
compiling lwip_utils.c...
compiling mbed-utest-shim.cpp...
compiling mbed_assert.c...
mbed-os/targets/TARGET_Silicon_Labs/TARGET_EFM32/TARGET_EFM32WG/TARGET_EFM32WG_STK3800/PinNames.h(33): warning:  #66-D: enumeration value is out of "int" range
      EFM32_STANDARD_PIN_DEFINITIONS,
mbed-os/platform/mbed_assert.c: 1 warning, 0 errors
compiling mbed_board.c...
mbed-os/targets/TARGET_Silicon_Labs/TARGET_EFM32/TARGET_EFM32WG/TARGET_EFM32WG_STK3800/PinNames.h(33): warning:  #66-D: enumeration value is out of "int" range
      EFM32_STANDARD_PIN_DEFINITIONS,
mbed-os/platform/mbed_board.c: 1 warning, 0 errors
compiling mbed_critical_section_api.c...
compiling mbed_critical.c...
compiling mbed_itm_api.c...
compiling mbed_error.c...
mbed-os/targets/TARGET_Silicon_Labs/TARGET_EFM32/TARGET_EFM32WG/TARGET_EFM32WG_STK3800/PinNames.h(33): warning:  #66-D: enumeration value is out of "int" range
      EFM32_STANDARD_PIN_DEFINITIONS,
mbed-os/platform/mbed_error.c: 1 warning, 0 errors
compiling mbed_boot.c...
compiling mbed_flash_api.c...
mbed-os/targets/TARGET_Silicon_Labs/TARGET_EFM32/TARGET_EFM32WG/TARGET_EFM32WG_STK3800/PinNames.h(33): warning:  #66-D: enumeration value is out of "int" range
      EFM32_STANDARD_PIN_DEFINITIONS,
mbed-os/hal/mbed_flash_api.c: 1 warning, 0 errors
compiling mbed_mktime.c...
compiling mbed_gpio.c...
mbed-os/targets/TARGET_Silicon_Labs/TARGET_EFM32/TARGET_EFM32WG/TARGET_EFM32WG_STK3800/PinNames.h(33): warning:  #66-D: enumeration value is out of "int" range
      EFM32_STANDARD_PIN_DEFINITIONS,
mbed-os/hal/mbed_gpio.c: 1 warning, 0 errors
compiling mbed_interface.c...
mbed-os/targets/TARGET_Silicon_Labs/TARGET_EFM32/TARGET_EFM32WG/TARGET_EFM32WG_STK3800/PinNames.h(33): warning:  #66-D: enumeration value is out of "int" range
      EFM32_STANDARD_PIN_DEFINITIONS,
mbed-os/platform/mbed_interface.c: 1 warning, 0 errors
compiling mbed_overrides.c...
mbed-os/targets/TARGET_Silicon_Labs/TARGET_EFM32/TARGET_EFM32WG/TARGET_EFM32WG_STK3800/PinNames.h(33): warning:  #66-D: enumeration value is out of "int" range
      EFM32_STANDARD_PIN_DEFINITIONS,
mbed-os/targets/TARGET_Silicon_Labs/TARGET_EFM32/common/mbed_overrides.c: 1 warning, 0 errors
compiling mbed_mem_trace.cpp...
compiling mbed_lp_ticker_api.c...
mbed-os/targets/TARGET_Silicon_Labs/TARGET_EFM32/TARGET_EFM32WG/TARGET_EFM32WG_STK3800/PinNames.h(33): warning:  #66-D: enumeration value is out of "int" range
      EFM32_STANDARD_PIN_DEFINITIONS,
mbed-os/hal/mbed_lp_ticker_api.c: 1 warning, 0 errors
compiling mbed_pinmap_common.c...
mbed-os/targets/TARGET_Silicon_Labs/TARGET_EFM32/TARGET_EFM32WG/TARGET_EFM32WG_STK3800/PinNames.h(33): warning:  #66-D: enumeration value is out of "int" range
      EFM32_STANDARD_PIN_DEFINITIONS,
mbed-os/hal/mbed_pinmap_common.c: 1 warning, 0 errors
compiling mbed_poll.cpp...
compiling mbed_rtx_handlers.c...
compiling mbed_retarget.cpp...
"no source": Warning:  #541-D: allowing all exceptions is incompatible with previous function "operator new(std::size_t)"  (declared at line 78 of "C:\Keil_v5\ARM\ARMCC\Bin\..\include\new")
"no source": Warning:  #541-D: allowing all exceptions is incompatible with previous function "operator new[](std::size_t)"  (declared at line 97 of "C:\Keil_v5\ARM\ARMCC\Bin\..\include\new")
"no source": Warning:  #541-D: allowing all exceptions is incompatible with previous function "operator new(std::size_t, const std::nothrow_t &)"  (declared at line 84 of "C:\Keil_v5\ARM\ARMCC\Bin\..\include\new")
"no source": Warning:  #541-D: allowing all exceptions is incompatible with previous function "operator new[](std::size_t, const std::nothrow_t &)"  (declared at line 109 of "C:\Keil_v5\ARM\ARMCC\Bin\..\include\new")
"no source": Warning:  #541-D: allowing all exceptions is incompatible with previous function "operator delete(void *)"  (declared at line 81 of "C:\Keil_v5\ARM\ARMCC\Bin\..\include\new")
"no source": Warning:  #541-D: allowing all exceptions is incompatible with previous function "operator delete[](void *)"  (declared at line 100 of "C:\Keil_v5\ARM\ARMCC\Bin\..\include\new")
mbed-os/platform/mbed_retarget.cpp: 6 warnings, 0 errors
compiling mbed_rtc_time.cpp...
compiling mbed_rtx_fault_handler.c...
mbed-os/targets/TARGET_Silicon_Labs/TARGET_EFM32/TARGET_EFM32WG/TARGET_EFM32WG_STK3800/PinNames.h(33): warning:  #66-D: enumeration value is out of "int" range
      EFM32_STANDARD_PIN_DEFINITIONS,
mbed-os/rtos/TARGET_CORTEX/TARGET_CORTEX_M/mbed_rtx_fault_handler.c: 1 warning, 0 errors
compiling mbed_sdk_boot.c...
compiling mbed_rtx_idle.cpp...
compiling mbed_semihost_api.c...
mbed-os/targets/TARGET_Silicon_Labs/TARGET_EFM32/TARGET_EFM32WG/TARGET_EFM32WG_STK3800/PinNames.h(33): warning:  #66-D: enumeration value is out of "int" range
      EFM32_STANDARD_PIN_DEFINITIONS,
mbed-os/platform/mbed_semihost_api.c: 1 warning, 0 errors
compiling mbed_stats.c...
compiling mbed_trng.c...
compiling mbed_trace.c...
compiling mbed_wait_api_no_rtos.c...
compiling mbed_sleep_manager.c...
mbed-os/targets/TARGET_Silicon_Labs/TARGET_EFM32/TARGET_EFM32WG/TARGET_EFM32WG_STK3800/PinNames.h(33): warning:  #66-D: enumeration value is out of "int" range
      EFM32_STANDARD_PIN_DEFINITIONS,
mbed-os/hal/mbed_sleep_manager.c: 1 warning, 0 errors
compiling MbedCRC.cpp...
compiling mbed_ticker_api.c...
mbed-os/targets/TARGET_Silicon_Labs/TARGET_EFM32/TARGET_EFM32WG/TARGET_EFM32WG_STK3800/PinNames.h(33): warning:  #66-D: enumeration value is out of "int" range
      EFM32_STANDARD_PIN_DEFINITIONS,
mbed-os/hal/mbed_ticker_api.c: 1 warning, 0 errors
compiling mbed_us_ticker_api.c...
mbed-os/targets/TARGET_Silicon_Labs/TARGET_EFM32/TARGET_EFM32WG/TARGET_EFM32WG_STK3800/PinNames.h(33): warning:  #66-D: enumeration value is out of "int" range
      EFM32_STANDARD_PIN_DEFINITIONS,
mbed-os/hal/mbed_us_ticker_api.c: 1 warning, 0 errors
compiling mbed_shared_queues.cpp...
compiling md2.c...
compiling md4.c...
compiling minar_hal_timer.cpp...
compiling md.c...
compiling md_wrap.c...
compiling mbed_wait_api_rtos.cpp...
compiling md5.c...
compiling NetworkInterface.cpp...
compiling memory_buffer_alloc.c...
compiling ns_hal_init.c...
compiling ns_list.c...
compiling net_sockets.c...
compiling MBRBlockDevice.cpp...
compiling ns_timeout.c...
mbed-os/features/FEATURE_COMMON_PAL/sal-stack-nanostack-eventloop/source/ns_timeout.c(69): warning:  #546-D: transfer of control bypasses initialization of:
            variable "event"  (declared at line 73)
              goto FAIL;
              ^
mbed-os/features/FEATURE_COMMON_PAL/sal-stack-nanostack-eventloop/source/ns_timeout.c: 1 warning, 0 errors
compiling ns_nvm_helper.c...
compiling Mutex.cpp...
compiling ns_timer.c...
compiling ns_event_loop.c...
compiling nsdynmemLIB.c...
mbed-os/features/FEATURE_COMMON_PAL/nanostack-libservice/source/nsdynmemLIB/nsdynmemLIB.c(212): warning:  #546-D: transfer of control bypasses initialization of:
            variable "block_data_size"  (declared at line 239)
          goto done;
          ^
mbed-os/features/FEATURE_COMMON_PAL/nanostack-libservice/source/nsdynmemLIB/nsdynmemLIB.c(236): warning:  #546-D: transfer of control bypasses initialization of:
            variable "block_data_size"  (declared at line 239)
          goto done;
          ^
mbed-os/features/FEATURE_COMMON_PAL/nanostack-libservice/source/nsdynmemLIB/nsdynmemLIB.c: 2 warnings, 0 errors
compiling nvm_ram.c...
compiling os_tick_ptim.c...
compiling nsapi_dns.cpp...
compiling NetworkStack.cpp...
compiling os_systick.c...
compiling oid.c...
compiling nvstore.cpp...
compiling padlock.c...
compiling OnboardCellularInterface.cpp...
compiling ObservingBlockDevice.cpp...
compiling pinmap.c...
mbed-os/targets/TARGET_Silicon_Labs/TARGET_EFM32/TARGET_EFM32WG/TARGET_EFM32WG_STK3800/PinNames.h(33): warning:  #66-D: enumeration value is out of "int" range
      EFM32_STANDARD_PIN_DEFINITIONS,
mbed-os/targets/TARGET_Silicon_Labs/TARGET_EFM32/pinmap.c(53): warning:  #188-D: enumerated type mixed with another type
      GPIO_PinModeSet(port_index, pin_index, mode & 0xF, GPIO_PinOutGet(port_index, pin_index & 0xF));
mbed-os/targets/TARGET_Silicon_Labs/TARGET_EFM32/pinmap.c(53): warning:  #188-D: enumerated type mixed with another type
      GPIO_PinModeSet(port_index, pin_index, mode & 0xF, GPIO_PinOutGet(port_index, pin_index & 0xF));
mbed-os/targets/TARGET_Silicon_Labs/TARGET_EFM32/pinmap.c(53): warning:  #188-D: enumerated type mixed with another type
      GPIO_PinModeSet(port_index, pin_index, mode & 0xF, GPIO_PinOutGet(port_index, pin_index & 0xF));
mbed-os/targets/TARGET_Silicon_Labs/TARGET_EFM32/pinmap.c: 4 warnings, 0 errors
compiling pem.c...
compiling PeripheralPins.c...
mbed-os/targets/TARGET_Silicon_Labs/TARGET_EFM32/TARGET_EFM32WG/TARGET_EFM32WG_STK3800/PinNames.h(33): warning:  #66-D: enumeration value is out of "int" range
      EFM32_STANDARD_PIN_DEFINITIONS,
mbed-os/targets/TARGET_Silicon_Labs/TARGET_EFM32/TARGET_EFM32WG/PeripheralPins.c(39): warning:  #68-D: integer conversion resulted in a change of sign
      {NC  , NC   , NC}
mbed-os/targets/TARGET_Silicon_Labs/TARGET_EFM32/TARGET_EFM32WG/PeripheralPins.c(39): warning:  #68-D: integer conversion resulted in a change of sign
      {NC  , NC   , NC}
mbed-os/targets/TARGET_Silicon_Labs/TARGET_EFM32/TARGET_EFM32WG/PeripheralPins.c(48): warning:  #68-D: integer conversion resulted in a change of sign
      {NC  , NC   , NC}
mbed-os/targets/TARGET_Silicon_Labs/TARGET_EFM32/TARGET_EFM32WG/PeripheralPins.c(48): warning:  #68-D: integer conversion resulted in a change of sign
      {NC  , NC   , NC}
mbed-os/targets/TARGET_Silicon_Labs/TARGET_EFM32/TARGET_EFM32WG/PeripheralPins.c(70): warning:  #68-D: integer conversion resulted in a change of sign
      {NC  , NC   , NC}
mbed-os/targets/TARGET_Silicon_Labs/TARGET_EFM32/TARGET_EFM32WG/PeripheralPins.c(70): warning:  #68-D: integer conversion resulted in a change of sign
      {NC  , NC   , NC}
mbed-os/targets/TARGET_Silicon_Labs/TARGET_EFM32/TARGET_EFM32WG/PeripheralPins.c(92): warning:  #68-D: integer conversion resulted in a change of sign
      {NC  , NC   , NC}
mbed-os/targets/TARGET_Silicon_Labs/TARGET_EFM32/TARGET_EFM32WG/PeripheralPins.c(92): warning:  #68-D: integer conversion resulted in a change of sign
      {NC  , NC   , NC}
mbed-os/targets/TARGET_Silicon_Labs/TARGET_EFM32/TARGET_EFM32WG/PeripheralPins.c(115): warning:  #68-D: integer conversion resulted in a change of sign
      {NC  , NC   , 0}
mbed-os/targets/TARGET_Silicon_Labs/TARGET_EFM32/TARGET_EFM32WG/PeripheralPins.c(138): warning:  #68-D: integer conversion resulted in a change of sign
      {NC  , NC   , NC}
mbed-os/targets/TARGET_Silicon_Labs/TARGET_EFM32/TARGET_EFM32WG/PeripheralPins.c(138): warning:  #68-D: integer conversion resulted in a change of sign
      {NC  , NC   , NC}
mbed-os/targets/TARGET_Silicon_Labs/TARGET_EFM32/TARGET_EFM32WG/PeripheralPins.c(160): warning:  #68-D: integer conversion resulted in a change of sign
      {NC  , NC   , NC}
mbed-os/targets/TARGET_Silicon_Labs/TARGET_EFM32/TARGET_EFM32WG/PeripheralPins.c(160): warning:  #68-D: integer conversion resulted in a change of sign
      {NC  , NC   , NC}
mbed-os/targets/TARGET_Silicon_Labs/TARGET_EFM32/TARGET_EFM32WG/PeripheralPins.c(182): warning:  #68-D: integer conversion resulted in a change of sign
      {NC  , NC   , NC}
mbed-os/targets/TARGET_Silicon_Labs/TARGET_EFM32/TARGET_EFM32WG/PeripheralPins.c(182): warning:  #68-D: integer conversion resulted in a change of sign
      {NC  , NC   , NC}
mbed-os/targets/TARGET_Silicon_Labs/TARGET_EFM32/TARGET_EFM32WG/PeripheralPins.c(204): warning:  #68-D: integer conversion resulted in a change of sign
      {NC  , NC   , NC}
mbed-os/targets/TARGET_Silicon_Labs/TARGET_EFM32/TARGET_EFM32WG/PeripheralPins.c(204): warning:  #68-D: integer conversion resulted in a change of sign
      {NC  , NC   , NC}
mbed-os/targets/TARGET_Silicon_Labs/TARGET_EFM32/TARGET_EFM32WG/PeripheralPins.c(253): warning:  #68-D: integer conversion resulted in a change of sign
      {NC  , NC   , NC}
mbed-os/targets/TARGET_Silicon_Labs/TARGET_EFM32/TARGET_EFM32WG/PeripheralPins.c(253): warning:  #68-D: integer conversion resulted in a change of sign
      {NC  , NC   , NC}
mbed-os/targets/TARGET_Silicon_Labs/TARGET_EFM32/TARGET_EFM32WG/PeripheralPins.c(301): warning:  #68-D: integer conversion resulted in a change of sign
      {NC  , NC   , NC}
mbed-os/targets/TARGET_Silicon_Labs/TARGET_EFM32/TARGET_EFM32WG/PeripheralPins.c(301): warning:  #68-D: integer conversion resulted in a change of sign
      {NC  , NC   , NC}
mbed-os/targets/TARGET_Silicon_Labs/TARGET_EFM32/TARGET_EFM32WG/PeripheralPins.c: 22 warnings, 0 errors
compiling pinmap_function.c...
mbed-os/targets/TARGET_Silicon_Labs/TARGET_EFM32/TARGET_EFM32WG/TARGET_EFM32WG_STK3800/PinNames.h(33): warning:  #66-D: enumeration value is out of "int" range
      EFM32_STANDARD_PIN_DEFINITIONS,
mbed-os/targets/TARGET_Silicon_Labs/TARGET_EFM32/pinmap_function.c: 1 warning, 0 errors
compiling pk.c...
compiling pk_wrap.c...
compiling pkcs11.c...
compiling pkcs12.c...
compiling pkcs5.c...
compiling platform.c...
compiling pkparse.c...
compiling pkwrite.c...
compiling port_api.c...
mbed-os/targets/TARGET_Silicon_Labs/TARGET_EFM32/TARGET_EFM32WG/TARGET_EFM32WG_STK3800/PinNames.h(33): warning:  #66-D: enumeration value is out of "int" range
      EFM32_STANDARD_PIN_DEFINITIONS,
mbed-os/targets/TARGET_Silicon_Labs/TARGET_EFM32/port_api.c(77): warning:  #188-D: enumerated type mixed with another type
      GPIO_PortOutSetVal(obj->port, value, obj->mask);
mbed-os/targets/TARGET_Silicon_Labs/TARGET_EFM32/port_api.c(83): warning:  #188-D: enumerated type mixed with another type
          return (int) (GPIO_PortInGet(obj->port) & obj->mask);
mbed-os/targets/TARGET_Silicon_Labs/TARGET_EFM32/port_api.c(85): warning:  #188-D: enumerated type mixed with another type
          return (int) (GPIO_PortOutGet(obj->port) & obj->mask);
mbed-os/targets/TARGET_Silicon_Labs/TARGET_EFM32/port_api.c: 4 warnings, 0 errors
compiling QUECTEL_BC95_CellularNetwork.cpp...
compiling QUECTEL_BC95_CellularSIM.cpp...
compiling pwmout_api.c...
mbed-os/targets/TARGET_Silicon_Labs/TARGET_EFM32/TARGET_EFM32WG/TARGET_EFM32WG_STK3800/PinNames.h(33): warning:  #66-D: enumeration value is out of "int" range
      EFM32_STANDARD_PIN_DEFINITIONS,
mbed-os/targets/TARGET_Silicon_Labs/TARGET_EFM32/pwmout_api.c(65): warning:  #111-D: statement is unreachable
              break;
mbed-os/targets/TARGET_Silicon_Labs/TARGET_EFM32/pwmout_api.c(68): warning:  #111-D: statement is unreachable
              break;
mbed-os/targets/TARGET_Silicon_Labs/TARGET_EFM32/pwmout_api.c(71): warning:  #111-D: statement is unreachable
              break;
mbed-os/targets/TARGET_Silicon_Labs/TARGET_EFM32/pwmout_api.c: 4 warnings, 0 errors
compiling ppp_lwip.cpp...
compiling QUECTEL_BC95_CellularPower.cpp...
compiling PPPCellularInterface.cpp...
compiling ProfilingBlockDevice.cpp...
compiling randLIB.c...
compiling QUECTEL_BC95.cpp...
compiling QUECTEL_BC95_CellularStack.cpp...
compiling ripemd160.c...
compiling QUECTEL_BG96.cpp...
compiling RawSerial.cpp...
compiling rt_OsEventObserver.c...
compiling QUECTEL_BG96_CellularNetwork.cpp...
compiling ReadOnlyBlockDevice.cpp...
compiling QUECTEL_BG96_CellularStack.cpp...
compiling RTX_Config.c...
compiling rsa.c...
compiling rsa_internal.c...
compiling rtx_evflags.c...
compiling rtc_api.c...
mbed-os/targets/TARGET_Silicon_Labs/TARGET_EFM32/TARGET_EFM32WG/TARGET_EFM32WG_STK3800/PinNames.h(33): warning:  #66-D: enumeration value is out of "int" range
      EFM32_STANDARD_PIN_DEFINITIONS,
mbed-os/targets/TARGET_Silicon_Labs/TARGET_EFM32/rtc_api.c: 1 warning, 0 errors
compiling rtx_delay.c...
compiling rtx_evr.c...
compiling rtx_lib.c...
compiling rtx_memory.c...
compiling rtx_kernel.c...
compiling RtosTimer.cpp...
compiling rtx_mempool.c...
compiling rtx_mutex.c...
compiling rtx_msgqueue.c...
compiling rtx_semaphore.c...
compiling rtx_system.c...
compiling Semaphore.cpp...
compiling rtx_thread.c...
compiling rtx_timer.c...
compiling serial_api.c...
mbed-os/targets/TARGET_Silicon_Labs/TARGET_EFM32/TARGET_EFM32WG/TARGET_EFM32WG_STK3800/PinNames.h(33): warning:  #66-D: enumeration value is out of "int" range
      EFM32_STANDARD_PIN_DEFINITIONS,
mbed-os/targets/TARGET_Silicon_Labs/TARGET_EFM32/serial_api.c(1188): warning:  #188-D: enumerated type mixed with another type
      pin_mode(tx, PushPull | 0x10);
mbed-os/targets/TARGET_Silicon_Labs/TARGET_EFM32/serial_api.c: 2 warnings, 0 errors
compiling sha1.c...
compiling SerialBase.cpp...
compiling Serial.cpp...
compiling sn_coap_builder.c...
compiling sn_coap_header_check.c...
compiling sl_trng.c...
compiling sn_coap_parser.c...
compiling sleep.c...
mbed-os/targets/TARGET_Silicon_Labs/TARGET_EFM32/TARGET_EFM32WG/TARGET_EFM32WG_STK3800/PinNames.h(33): warning:  #66-D: enumeration value is out of "int" range
      EFM32_STANDARD_PIN_DEFINITIONS,
mbed-os/targets/TARGET_Silicon_Labs/TARGET_EFM32/sleep.c: 1 warning, 0 errors
compiling sha256.c...
compiling sn_coap_protocol.c...
compiling sha512.c...
compiling spi_api.c...
mbed-os/targets/TARGET_Silicon_Labs/TARGET_EFM32/TARGET_EFM32WG/TARGET_EFM32WG_STK3800/PinNames.h(33): warning:  #66-D: enumeration value is out of "int" range
      EFM32_STANDARD_PIN_DEFINITIONS,
mbed-os/targets/TARGET_Silicon_Labs/TARGET_EFM32/spi_api.c: 1 warning, 0 errors
compiling ssl_cache.c...
compiling ssl_ciphersuites.c...
compiling SPISlave.cpp...
compiling SlicingBlockDevice.cpp...
compiling Socket.cpp...
compiling SPI.cpp...
assembling startup_efm32wg.S...
compiling stoip6.c...
compiling ssl_cookie.c...
compiling SocketAddress.cpp...
compiling ssl_cli.c...
compiling ssl_srv.c...
compiling ssl_ticket.c...
compiling TableCRC.cpp...
compiling ssl_tls.c...
compiling system_timer.c...
mbed-os/features/FEATURE_COMMON_PAL/sal-stack-nanostack-eventloop/source/system_timer.c(313): warning:  #546-D: transfer of control bypasses initialization of:
            variable "event"  (declared at line 318)
              goto done;
              ^
mbed-os/features/FEATURE_COMMON_PAL/sal-stack-nanostack-eventloop/source/system_timer.c: 1 warning, 0 errors
compiling system_efm32wg.c...
compiling SysTimer.cpp...
compiling Stream.cpp...
compiling TCPSocket.cpp...
compiling TELIT_HE910_CellularPower.cpp...
compiling TELIT_HE910_CellularNetwork.cpp...
compiling TELIT_HE910.cpp...
compiling TCPServer.cpp...
compiling threading.c...
compiling timing.c...
compiling TimerEvent.cpp...
compiling Ticker.cpp...
compiling Timeout.cpp...
compiling Timer.cpp...
compiling Thread.cpp...
compiling unity.c...
compiling trng_api.c...
mbed-os/targets/TARGET_Silicon_Labs/TARGET_EFM32/TARGET_EFM32WG/TARGET_EFM32WG_STK3800/PinNames.h(33): warning:  #66-D: enumeration value is out of "int" range
      EFM32_STANDARD_PIN_DEFINITIONS,
mbed-os/targets/TARGET_Silicon_Labs/TARGET_EFM32/trng/trng_api.c: 1 warning, 0 errors
compiling UBLOX_LISA_U_CellularNetwork.cpp...
compiling UBLOX_LISA_U_CellularPower.cpp...
compiling UARTSerial.cpp...
compiling UBLOX_LISA_U.cpp...
compiling UDPSocket.cpp...
compiling UARTCellularInterface.cpp...
compiling utest_stack_trace.cpp...
compiling us_ticker.c...
mbed-os/targets/TARGET_Silicon_Labs/TARGET_EFM32/TARGET_EFM32WG/TARGET_EFM32WG_STK3800/PinNames.h(33): warning:  #66-D: enumeration value is out of "int" range
      EFM32_STANDARD_PIN_DEFINITIONS,
mbed-os/targets/TARGET_Silicon_Labs/TARGET_EFM32/us_ticker.c: 1 warning, 0 errors
compiling unity_handler.cpp...
compiling version.c...
compiling utest_greentea_handlers.cpp...
compiling WiFiAccessPoint.cpp...
compiling utest_case.cpp...
compiling utest_shim.cpp...
compiling utest_default_handlers.cpp...
compiling utest_harness.cpp...
compiling version_features.c...
compiling utest_types.cpp...
compiling x509_csr.c...
compiling x509_create.c...
compiling x509.c...
compiling x509write_crt.c...
compiling x509_crl.c...
compiling x509_crt.c...
compiling x509write_csr.c...
compiling xtea.c...
compiling InitDevice.cpp...
compiling main.cpp...
PinDetect.h(149): warning:  #1361-D: function "mbed::FunctionPointerArg1<R, void>::FunctionPointerArg1(R (*)()) [with R=void]"  (declared at line 70 of "mbed-os/./platform/FunctionPointer.h") was declared "deprecated"
      PinDetect() { error("You must supply a PinName"); }
PinDetect.h(149): warning:  #1361-D: function "mbed::FunctionPointerArg1<R, void>::FunctionPointerArg1(R (*)()) [with R=void]"  (declared at line 70 of "mbed-os/./platform/FunctionPointer.h") was declared "deprecated"
      PinDetect() { error("You must supply a PinName"); }
PinDetect.h(149): warning:  #1361-D: function "mbed::FunctionPointerArg1<R, void>::FunctionPointerArg1(R (*)()) [with R=void]"  (declared at line 70 of "mbed-os/./platform/FunctionPointer.h") was declared "deprecated"
      PinDetect() { error("You must supply a PinName"); }
PinDetect.h(149): warning:  #1361-D: function "mbed::FunctionPointerArg1<R, void>::FunctionPointerArg1(R (*)()) [with R=void]"  (declared at line 70 of "mbed-os/./platform/FunctionPointer.h") was declared "deprecated"
      PinDetect() { error("You must supply a PinName"); }
PinDetect.h(158): warning:  #1361-D: function "mbed::FunctionPointerArg1<R, void>::FunctionPointerArg1(R (*)()) [with R=void]"  (declared at line 70 of "mbed-os/./platform/FunctionPointer.h") was declared "deprecated"
       PinDetect(PinName p) {
PinDetect.h(158): warning:  #1361-D: function "mbed::FunctionPointerArg1<R, void>::FunctionPointerArg1(R (*)()) [with R=void]"  (declared at line 70 of "mbed-os/./platform/FunctionPointer.h") was declared "deprecated"
       PinDetect(PinName p) {
PinDetect.h(158): warning:  #1361-D: function "mbed::FunctionPointerArg1<R, void>::FunctionPointerArg1(R (*)()) [with R=void]"  (declared at line 70 of "mbed-os/./platform/FunctionPointer.h") was declared "deprecated"
       PinDetect(PinName p) {
PinDetect.h(158): warning:  #1361-D: function "mbed::FunctionPointerArg1<R, void>::FunctionPointerArg1(R (*)()) [with R=void]"  (declared at line 70 of "mbed-os/./platform/FunctionPointer.h") was declared "deprecated"
       PinDetect(PinName p) {
PinDetect.h(168): warning:  #1361-D: function "mbed::FunctionPointerArg1<R, void>::FunctionPointerArg1(R (*)()) [with R=void]"  (declared at line 70 of "mbed-os/./platform/FunctionPointer.h") was declared "deprecated"
       PinDetect(PinName p, PinMode m) {
PinDetect.h(168): warning:  #1361-D: function "mbed::FunctionPointerArg1<R, void>::FunctionPointerArg1(R (*)()) [with R=void]"  (declared at line 70 of "mbed-os/./platform/FunctionPointer.h") was declared "deprecated"
       PinDetect(PinName p, PinMode m) {
PinDetect.h(168): warning:  #1361-D: function "mbed::FunctionPointerArg1<R, void>::FunctionPointerArg1(R (*)()) [with R=void]"  (declared at line 70 of "mbed-os/./platform/FunctionPointer.h") was declared "deprecated"
       PinDetect(PinName p, PinMode m) {
PinDetect.h(168): warning:  #1361-D: function "mbed::FunctionPointerArg1<R, void>::FunctionPointerArg1(R (*)()) [with R=void]"  (declared at line 70 of "mbed-os/./platform/FunctionPointer.h") was declared "deprecated"
       PinDetect(PinName p, PinMode m) {
PinDetect.h(186): warning:  #1361-D: function "mbed::Ticker::attach_us(T *, M, us_timestamp_t) [with T=PinDetect, M=void (PinDetect::*)()]"  (declared at line 139 of "mbed-os/./drivers/Ticker.h") was declared "deprecated"
          _ticker->attach_us( this, &PinDetect::isr, _sampleTime );
PinDetect.h(241): warning:  #1361-D: function "mbed::Callback<R ()>::attach(R (*)()) [with R=void]"  (declared at line 273 of "mbed-os/./platform/Callback.h") was declared "deprecated"
          _callbackAsserted.attach( function );
PinDetect.h(293): warning:  #1361-D: function "mbed::Callback<R ()>::attach(R (*)()) [with R=void]"  (declared at line 273 of "mbed-os/./platform/Callback.h") was declared "deprecated"
          _callbackDeasserted.attach( function );
PinDetect.h(345): warning:  #1361-D: function "mbed::Callback<R ()>::attach(R (*)()) [with R=void]"  (declared at line 273 of "mbed-os/./platform/Callback.h") was declared "deprecated"
          _callbackAssertedHeld.attach( function );
PinDetect.h(397): warning:  #1361-D: function "mbed::Callback<R ()>::attach(R (*)()) [with R=void]"  (declared at line 273 of "mbed-os/./platform/Callback.h") was declared "deprecated"
          _callbackDeassertedHeld.attach( function );
main.cpp: 17 warnings, 0 errors
linking...
Program Size: Code=64024 RO-data=5096 RW-data=2864 ZI-data=15016  
".\BUILD\mbed-os-bts-pa-cellular.axf" - 0 Error(s), 103 Warning(s).

<h2>Software Packages used:</h2>

Package Vendor: SiliconLabs
                https://www.silabs.com/documents/public/cmsis-packs/SiliconLabs.EFM32WG_DFP.5.4.0.pack
                SiliconLabs.EFM32WG_DFP.5.4.0
                Silicon Labs EFM32WG Wonder Gecko Series Device Support.

<h2>Collection of Component include folders:</h2>
  .\RTE\_mbed-os-bts-pa-cellular
  C:\Keil_v5\ARM\PACK\SiliconLabs\EFM32WG_DFP\5.4.0\Device\SiliconLabs\EFM32WG\Include

<h2>Collection of Component Files used:</h2>
Build Time Elapsed:  00:00:54
</pre>
</body>
</html>
