<!doctype html public "-//w3c//dtd html 4.0 transitional//en">
<html><head>
<title>Static Call Graph - [.\BUILD\mbed-os-bts-pa-cellular.axf]</title></head>
<body><HR>
<H1>Static Call Graph for image .\BUILD\mbed-os-bts-pa-cellular.axf</H1><HR>
<BR><P>#&#060CALLGRAPH&#062# ARM Linker, 5060750: Last Updated: Tue Jun 05 09:24:00 2018
<BR><P>
<H3>Maximum Stack Usage =        880 bytes + Unknown(Cycles, Untraceable Function Pointers)</H3><H3>
Call chain for Maximum Stack Depth:</H3>
__sti___8_main_cpp_led0_n &rArr; mbed::Serial::Serial(PinName, PinName, const char*, int) &rArr; mbed::Stream::Stream__sub_object(const char*) &rArr; mbed::fdopen(mbed::FileHandle*, const char*) &rArr; fdopen &rArr; fopen &rArr; _freopen_locked &rArr; _sys_open &rArr; open &rArr; mbed::FilePath::FilePath(const char*) &rArr; mbed::FileBase::lookup(const char*, unsigned) &rArr; SingletonPtr&lang;rtos::Mutex&rang;::operator -&rang;() &rArr; SingletonPtr&lang;rtos::Mutex&rang;::get() &rArr; rtos::Mutex::Mutex() &rArr; rtos::Mutex::constructor(const char*) &rArr; mbed_assert_internal &rArr; mbed_die &rArr; wait_ms &rArr; wait_us &rArr; sleep_manager_lock_deep_sleep_internal &rArr; error &rArr; exit &rArr;  mbed_die (Cycle)
<P>
<H3>
Mutually Recursive functions
</H3> <LI><a href="#[219]">core_util_critical_section_enter</a>&nbsp;&nbsp;&nbsp;&rArr;&nbsp;&nbsp;&nbsp;<a href="#[23b]">mbed_assert_internal</a><BR>
 <LI><a href="#[2d0]">exit</a>&nbsp;&nbsp;&nbsp;&rArr;&nbsp;&nbsp;&nbsp;<a href="#[2d1]">mbed_die</a><BR>
 <LI><a href="#[209]">__cxa_guard_release</a>&nbsp;&nbsp;&nbsp;&rArr;&nbsp;&nbsp;&nbsp;<a href="#[23b]">mbed_assert_internal</a><BR>
 <LI><a href="#[206]">__cxa_guard_acquire</a>&nbsp;&nbsp;&nbsp;&rArr;&nbsp;&nbsp;&nbsp;<a href="#[23b]">mbed_assert_internal</a><BR>
 <LI><a href="#[37b]">serial_leuart_baud</a>&nbsp;&nbsp;&nbsp;&rArr;&nbsp;&nbsp;&nbsp;<a href="#[23b]">mbed_assert_internal</a><BR>
 <LI><a href="#[37f]">serial_enable_pins</a>&nbsp;&nbsp;&nbsp;&rArr;&nbsp;&nbsp;&nbsp;<a href="#[2da]">pin_mode</a><BR>
 <LI><a href="#[373]">pinmap_peripheral</a>&nbsp;&nbsp;&nbsp;&rArr;&nbsp;&nbsp;&nbsp;<a href="#[289]">error</a><BR>
 <LI><a href="#[370]">pin_location</a>&nbsp;&nbsp;&nbsp;&rArr;&nbsp;&nbsp;&nbsp;<a href="#[289]">error</a><BR>
 <LI><a href="#[385]">serial_preinit</a>&nbsp;&nbsp;&nbsp;&rArr;&nbsp;&nbsp;&nbsp;<a href="#[23b]">mbed_assert_internal</a><BR>
 <LI><a href="#[372]">pinmap_merge</a>&nbsp;&nbsp;&nbsp;&rArr;&nbsp;&nbsp;&nbsp;<a href="#[289]">error</a><BR>
 <LI><a href="#[2b8]">osRtxErrorNotify</a>&nbsp;&nbsp;&nbsp;&rArr;&nbsp;&nbsp;&nbsp;<a href="#[289]">error</a><BR>
 <LI><a href="#[2c6]">hal_critical_section_exit</a>&nbsp;&nbsp;&nbsp;&rArr;&nbsp;&nbsp;&nbsp;<a href="#[23b]">mbed_assert_internal</a><BR>
 <LI><a href="#[2de]">initialize</a>&nbsp;&nbsp;&nbsp;&rArr;&nbsp;&nbsp;&nbsp;<a href="#[23b]">mbed_assert_internal</a><BR>
 <LI><a href="#[236]">gpio_init_out</a>&nbsp;&nbsp;&nbsp;&rArr;&nbsp;&nbsp;&nbsp;<a href="#[2d9]">gpio_init_out_ex</a><BR>
 <LI><a href="#[11]">NMI_Handler</a>&nbsp;&nbsp;&nbsp;&rArr;&nbsp;&nbsp;&nbsp;<a href="#[11]">NMI_Handler</a><BR>
 <LI><a href="#[17]">DebugMon_Handler</a>&nbsp;&nbsp;&nbsp;&rArr;&nbsp;&nbsp;&nbsp;<a href="#[17]">DebugMon_Handler</a><BR>
 <LI><a href="#[20]">ACMP0_IRQHandler</a>&nbsp;&nbsp;&nbsp;&rArr;&nbsp;&nbsp;&nbsp;<a href="#[20]">ACMP0_IRQHandler</a><BR>
 <LI><a href="#[126]">__asm___13_rtx_mempool_c_7914b4c7__atomic_link_put</a>&nbsp;&nbsp;&nbsp;&rArr;&nbsp;&nbsp;&nbsp;<a href="#[126]">__asm___13_rtx_mempool_c_7914b4c7__atomic_link_put</a><BR>
</UL>
<P>
<H3>
Function Pointers
</H3><UL>
 <LI><a href="#[52]">&lang;Func4&rang;</a> from .\build\serialbase.o(i.<Func4>) referenced from .\build\serialbase.o(i._ZN4mbed10SerialBaseC1E7PinNameS1_i)
 <LI><a href="#[20]">ACMP0_IRQHandler</a> from .\build\startup_efm32wg.o(.text) referenced from .\build\startup_efm32wg.o(RESET)
 <LI><a href="#[21]">ADC0_IRQHandler</a> from .\build\startup_efm32wg.o(.text) referenced from .\build\startup_efm32wg.o(RESET)
 <LI><a href="#[3e]">AES_IRQHandler</a> from .\build\startup_efm32wg.o(.text) referenced from .\build\startup_efm32wg.o(RESET)
 <LI><a href="#[39]">BURTC_IRQHandler</a> from .\build\startup_efm32wg.o(.text) referenced from .\build\startup_efm32wg.o(RESET)
 <LI><a href="#[14]">BusFault_Handler</a> from .\build\except.o(.text) referenced from .\build\startup_efm32wg.o(RESET)
 <LI><a href="#[3a]">CMU_IRQHandler</a> from .\build\startup_efm32wg.o(.text) referenced from .\build\startup_efm32wg.o(RESET)
 <LI><a href="#[22]">DAC0_IRQHandler</a> from .\build\startup_efm32wg.o(.text) referenced from .\build\startup_efm32wg.o(RESET)
 <LI><a href="#[1a]">DMA_IRQHandler</a> from .\build\em_dma.o(i.DMA_IRQHandler) referenced from .\build\startup_efm32wg.o(RESET)
 <LI><a href="#[17]">DebugMon_Handler</a> from .\build\startup_efm32wg.o(.text) referenced from .\build\startup_efm32wg.o(RESET)
 <LI><a href="#[3f]">EBI_IRQHandler</a> from .\build\startup_efm32wg.o(.text) referenced from .\build\startup_efm32wg.o(RESET)
 <LI><a href="#[40]">EMU_IRQHandler</a> from .\build\startup_efm32wg.o(.text) referenced from .\build\startup_efm32wg.o(RESET)
 <LI><a href="#[41]">FPUEH_IRQHandler</a> from .\build\startup_efm32wg.o(.text) referenced from .\build\startup_efm32wg.o(RESET)
 <LI><a href="#[1b]">GPIO_EVEN_IRQHandler</a> from .\build\gpio_irq_api.o(i.GPIO_EVEN_IRQHandler) referenced from .\build\startup_efm32wg.o(RESET)
 <LI><a href="#[25]">GPIO_ODD_IRQHandler</a> from .\build\gpio_irq_api.o(i.GPIO_ODD_IRQHandler) referenced from .\build\startup_efm32wg.o(RESET)
 <LI><a href="#[12]">HardFault_Handler</a> from .\build\except.o(.text) referenced from .\build\startup_efm32wg.o(RESET)
 <LI><a href="#[23]">I2C0_IRQHandler</a> from .\build\startup_efm32wg.o(.text) referenced from .\build\startup_efm32wg.o(RESET)
 <LI><a href="#[24]">I2C1_IRQHandler</a> from .\build\startup_efm32wg.o(.text) referenced from .\build\startup_efm32wg.o(RESET)
 <LI><a href="#[3c]">LCD_IRQHandler</a> from .\build\startup_efm32wg.o(.text) referenced from .\build\startup_efm32wg.o(RESET)
 <LI><a href="#[2b]">LESENSE_IRQHandler</a> from .\build\startup_efm32wg.o(.text) referenced from .\build\startup_efm32wg.o(RESET)
 <LI><a href="#[34]">LETIMER0_IRQHandler</a> from .\build\startup_efm32wg.o(.text) referenced from .\build\startup_efm32wg.o(RESET)
 <LI><a href="#[32]">LEUART0_IRQHandler</a> from .\build\startup_efm32wg.o(.text) referenced from .\build\startup_efm32wg.o(RESET)
 <LI><a href="#[33]">LEUART1_IRQHandler</a> from .\build\startup_efm32wg.o(.text) referenced from .\build\startup_efm32wg.o(RESET)
 <LI><a href="#[3d]">MSC_IRQHandler</a> from .\build\startup_efm32wg.o(.text) referenced from .\build\startup_efm32wg.o(RESET)
 <LI><a href="#[13]">MemManage_Handler</a> from .\build\except.o(.text) referenced from .\build\startup_efm32wg.o(RESET)
 <LI><a href="#[11]">NMI_Handler</a> from .\build\startup_efm32wg.o(.text) referenced from .\build\startup_efm32wg.o(RESET)
 <LI><a href="#[35]">PCNT0_IRQHandler</a> from .\build\startup_efm32wg.o(.text) referenced from .\build\startup_efm32wg.o(RESET)
 <LI><a href="#[36]">PCNT1_IRQHandler</a> from .\build\startup_efm32wg.o(.text) referenced from .\build\startup_efm32wg.o(RESET)
 <LI><a href="#[37]">PCNT2_IRQHandler</a> from .\build\startup_efm32wg.o(.text) referenced from .\build\startup_efm32wg.o(RESET)
 <LI><a href="#[18]">PendSV_Handler</a> from .\build\irq_cm4f.o(.text) referenced from .\build\startup_efm32wg.o(RESET)
 <LI><a href="#[38]">RTC_IRQHandler</a> from .\build\rtc_api.o(i.RTC_IRQHandler) referenced from .\build\startup_efm32wg.o(RESET)
 <LI><a href="#[38]">RTC_IRQHandler</a> from .\build\rtc_api.o(i.RTC_IRQHandler) referenced from .\build\rtc_api.o(i.rtc_init_real)
 <LI><a href="#[10]">Reset_Handler</a> from .\build\startup_efm32wg.o(.text) referenced from .\build\startup_efm32wg.o(RESET)
 <LI><a href="#[16]">SVC_Handler</a> from .\build\irq_cm4f.o(.text) referenced from .\build\startup_efm32wg.o(RESET)
 <LI><a href="#[19]">SysTick_Handler</a> from .\build\irq_cm4f.o(.text) referenced from .\build\startup_efm32wg.o(RESET)
 <LI><a href="#[19]">SysTick_Handler</a> from .\build\irq_cm4f.o(.text) referenced from .\build\systimer.o(i._ZN4rtos8internal8SysTimer9setup_irqEv)
 <LI><a href="#[19]">SysTick_Handler</a> from .\build\irq_cm4f.o(.text) referenced from .\build\rtx_kernel.o(i.svcRtxKernelStart)
 <LI><a href="#[43]">SystemInit</a> from .\build\system_efm32wg.o(i.SystemInit) referenced from .\build\startup_efm32wg.o(.text)
 <LI><a href="#[1c]">TIMER0_IRQHandler</a> from .\build\startup_efm32wg.o(.text) referenced from .\build\startup_efm32wg.o(RESET)
 <LI><a href="#[26]">TIMER1_IRQHandler</a> from .\build\startup_efm32wg.o(.text) referenced from .\build\startup_efm32wg.o(RESET)
 <LI><a href="#[27]">TIMER2_IRQHandler</a> from .\build\startup_efm32wg.o(.text) referenced from .\build\startup_efm32wg.o(RESET)
 <LI><a href="#[28]">TIMER3_IRQHandler</a> from .\build\startup_efm32wg.o(.text) referenced from .\build\startup_efm32wg.o(RESET)
 <LI><a href="#[2e]">UART0_RX_IRQHandler</a> from .\build\startup_efm32wg.o(.text) referenced from .\build\startup_efm32wg.o(RESET)
 <LI><a href="#[2f]">UART0_TX_IRQHandler</a> from .\build\startup_efm32wg.o(.text) referenced from .\build\startup_efm32wg.o(RESET)
 <LI><a href="#[30]">UART1_RX_IRQHandler</a> from .\build\startup_efm32wg.o(.text) referenced from .\build\startup_efm32wg.o(RESET)
 <LI><a href="#[31]">UART1_TX_IRQHandler</a> from .\build\startup_efm32wg.o(.text) referenced from .\build\startup_efm32wg.o(RESET)
 <LI><a href="#[1d]">USART0_RX_IRQHandler</a> from .\build\startup_efm32wg.o(.text) referenced from .\build\startup_efm32wg.o(RESET)
 <LI><a href="#[1e]">USART0_TX_IRQHandler</a> from .\build\startup_efm32wg.o(.text) referenced from .\build\startup_efm32wg.o(RESET)
 <LI><a href="#[29]">USART1_RX_IRQHandler</a> from .\build\startup_efm32wg.o(.text) referenced from .\build\startup_efm32wg.o(RESET)
 <LI><a href="#[2a]">USART1_TX_IRQHandler</a> from .\build\startup_efm32wg.o(.text) referenced from .\build\startup_efm32wg.o(RESET)
 <LI><a href="#[2c]">USART2_RX_IRQHandler</a> from .\build\startup_efm32wg.o(.text) referenced from .\build\startup_efm32wg.o(RESET)
 <LI><a href="#[2d]">USART2_TX_IRQHandler</a> from .\build\startup_efm32wg.o(.text) referenced from .\build\startup_efm32wg.o(RESET)
 <LI><a href="#[1f]">USB_IRQHandler</a> from .\build\startup_efm32wg.o(.text) referenced from .\build\startup_efm32wg.o(RESET)
 <LI><a href="#[15]">UsageFault_Handler</a> from .\build\except.o(.text) referenced from .\build\startup_efm32wg.o(RESET)
 <LI><a href="#[3b]">VCMP_IRQHandler</a> from .\build\startup_efm32wg.o(.text) referenced from .\build\startup_efm32wg.o(RESET)
 <LI><a href="#[4e]">watchdog_wakeup()</a> from .\build\main.o(i._Z15watchdog_wakeupv) referenced from .\build\main.o(i._Z16PWP_SW_BG96_testv)
 <LI><a href="#[50]">SYSTEM_GetUnique()</a> from .\build\main.o(i._Z16SYSTEM_GetUniquev) referenced from .\build\main.o(i._Z16PWP_SW_BG96_testv)
 <LI><a href="#[50]">SYSTEM_GetUnique()</a> from .\build\main.o(i._Z16SYSTEM_GetUniquev) referenced from .\build\main.o(i.main)
 <LI><a href="#[f]">default_idle_hook()</a> from .\build\mbed_rtx_idle.o(i._Z17default_idle_hookv) referenced 2 times from .\build\mbed_rtx_idle.o(.data)
 <LI><a href="#[51]">equeue_tick_update()</a> from .\build\equeue_mbed.o(i._Z18equeue_tick_updatev) referenced from .\build\equeue_mbed.o(i._Z16equeue_tick_initv)
 <LI><a href="#[4f]">Skywire_Rx_interrupt()</a> from .\build\main.o(i._Z20Skywire_Rx_interruptv) referenced from .\build\main.o(i._Z16PWP_SW_BG96_testv)
 <LI><a href="#[a2]">CellularBase::~CellularBase__sub_object()</a> from .\build\easycellularconnection.o(i._ZN12CellularBaseD2Ev) referenced from .\build\easycellularconnection.o(.constdata__ZTV12CellularBase)
 <LI><a href="#[a4]">DirectSerial::read(void*, unsigned)</a> from .\build\mbed_retarget.o(i._ZN12DirectSerial4readEPvj) referenced from .\build\mbed_retarget.o(.constdata__ZTV12DirectSerial)
 <LI><a href="#[a6]">DirectSerial::seek(long, int)</a> from .\build\mbed_retarget.o(i._ZN12DirectSerial4seekEli) referenced from .\build\mbed_retarget.o(.constdata__ZTV12DirectSerial)
 <LI><a href="#[a9]">DirectSerial::size()</a> from .\build\mbed_retarget.o(i._ZN12DirectSerial4sizeEv) referenced from .\build\mbed_retarget.o(.constdata__ZTV12DirectSerial)
 <LI><a href="#[a7]">DirectSerial::close()</a> from .\build\mbed_retarget.o(i._ZN12DirectSerial5closeEv) referenced from .\build\mbed_retarget.o(.constdata__ZTV12DirectSerial)
 <LI><a href="#[a5]">DirectSerial::write(const void*, unsigned)</a> from .\build\mbed_retarget.o(i._ZN12DirectSerial5writeEPKvj) referenced from .\build\mbed_retarget.o(.constdata__ZTV12DirectSerial)
 <LI><a href="#[a8]">DirectSerial::isatty()</a> from .\build\mbed_retarget.o(i._ZN12DirectSerial6isattyEv) referenced from .\build\mbed_retarget.o(.constdata__ZTV12DirectSerial)
 <LI><a href="#[4d]">DirectSerial::~DirectSerial()</a> from .\build\mbed_retarget.o(i._ZN12DirectSerialD1Ev) referenced from .\build\mbed_retarget.o(.constdata__ZTV12DirectSerial)
 <LI><a href="#[4d]">DirectSerial::~DirectSerial()</a> from .\build\mbed_retarget.o(i._ZN12DirectSerialD1Ev) referenced from .\build\mbed_retarget.o(i._Z15default_consolev)
 <LI><a href="#[ac]">mbed::FileHandle::size()</a> from .\build\filehandle.o(i._ZN4mbed10FileHandle4sizeEv) referenced from .\build\filehandle.o(.constdata__ZTVN4mbed10FileHandleE)
 <LI><a href="#[ac]">mbed::FileHandle::size()</a> from .\build\filehandle.o(i._ZN4mbed10FileHandle4sizeEv) referenced from .\build\uartserial.o(.constdata__ZTVN4mbed10UARTSerialE)
 <LI><a href="#[ac]">mbed::FileHandle::size()</a> from .\build\filehandle.o(i._ZN4mbed10FileHandle4sizeEv) referenced from .\build\stream.o(.constdata__ZTVN4mbed8FileLikeE)
 <LI><a href="#[ab]">mbed::FileHandle::isatty()</a> from .\build\filehandle.o(i._ZN4mbed10FileHandle6isattyEv) referenced from .\build\filehandle.o(.constdata__ZTVN4mbed10FileHandleE)
 <LI><a href="#[ab]">mbed::FileHandle::isatty()</a> from .\build\filehandle.o(i._ZN4mbed10FileHandle6isattyEv) referenced from .\build\stream.o(.constdata__ZTVN4mbed8FileLikeE)
 <LI><a href="#[aa]">mbed::FileHandle::~FileHandle__sub_object()</a> from .\build\filehandle.o(i._ZN4mbed10FileHandleD2Ev) referenced from .\build\filehandle.o(.constdata__ZTVN4mbed10FileHandleE)
 <LI><a href="#[53]">mbed::SerialBase::_irq_handler(unsigned, SerialIrq)</a> from .\build\serialbase.o(i._ZN4mbed10SerialBase12_irq_handlerEj9SerialIrq) referenced from .\build\serialbase.o(i._ZN4mbed10SerialBaseC1E7PinNameS1_i)
 <LI><a href="#[9e]">mbed::SerialBase::interrupt_handler_asynch()</a> from .\build\serialbase.o(i._ZN4mbed10SerialBase24interrupt_handler_asynchEv) referenced from .\build\serialbase.o(.constdata)
 <LI><a href="#[ad]">mbed::SerialBase::lock()</a> from .\build\serialbase.o(i._ZN4mbed10SerialBase4lockEv) referenced from .\build\serialbase.o(.constdata__ZTVN4mbed10SerialBaseE)
 <LI><a href="#[ae]">mbed::SerialBase::unlock()</a> from .\build\serialbase.o(i._ZN4mbed10SerialBase6unlockEv) referenced from .\build\serialbase.o(.constdata__ZTVN4mbed10SerialBaseE)
 <LI><a href="#[af]">mbed::SerialBase::~SerialBase()</a> from .\build\serialbase.o(i._ZN4mbed10SerialBaseD1Ev) referenced from .\build\serialbase.o(.constdata__ZTVN4mbed10SerialBaseE)
 <LI><a href="#[55]">mbed::TimerEvent::irq(unsigned)</a> from .\build\timerevent.o(i._ZN4mbed10TimerEvent3irqEj) referenced from .\build\timerevent.o(i._ZN4mbed10TimerEventC2EPK13ticker_data_t)
 <LI><a href="#[55]">mbed::TimerEvent::irq(unsigned)</a> from .\build\timerevent.o(i._ZN4mbed10TimerEvent3irqEj) referenced from .\build\timerevent.o(i._ZN4mbed10TimerEventC2Ev)
 <LI><a href="#[b0]">mbed::TimerEvent::~TimerEvent__sub_object()</a> from .\build\timerevent.o(i._ZN4mbed10TimerEventD2Ev) referenced from .\build\timerevent.o(.constdata__ZTVN4mbed10TimerEventE)
 <LI><a href="#[ba]">mbed::UARTSerial::api_unlock()</a> from .\build\uartserial.o(i._ZN4mbed10UARTSerial10api_unlockEv) referenced from .\build\uartserial.o(.constdata__ZTVN4mbed10UARTSerialE)
 <LI><a href="#[b1]">mbed::UARTSerial::lock()</a> from .\build\uartserial.o(i._ZN4mbed10UARTSerial4lockEv) referenced from .\build\uartserial.o(.constdata__ZTVN4mbed10UARTSerialE)
 <LI><a href="#[b5]">mbed::UARTSerial::read(void*, unsigned)</a> from .\build\uartserial.o(i._ZN4mbed10UARTSerial4readEPvj) referenced from .\build\uartserial.o(.constdata__ZTVN4mbed10UARTSerialE)
 <LI><a href="#[b8]">mbed::UARTSerial::seek(long, int)</a> from .\build\uartserial.o(i._ZN4mbed10UARTSerial4seekEli) referenced from .\build\uartserial.o(.constdata__ZTVN4mbed10UARTSerialE)
 <LI><a href="#[b6]">mbed::UARTSerial::close()</a> from .\build\uartserial.o(i._ZN4mbed10UARTSerial5closeEv) referenced from .\build\uartserial.o(.constdata__ZTVN4mbed10UARTSerialE)
 <LI><a href="#[b4]">mbed::UARTSerial::write(const void*, unsigned)</a> from .\build\uartserial.o(i._ZN4mbed10UARTSerial5writeEPKvj) referenced from .\build\uartserial.o(.constdata__ZTVN4mbed10UARTSerialE)
 <LI><a href="#[b7]">mbed::UARTSerial::isatty()</a> from .\build\uartserial.o(i._ZN4mbed10UARTSerial6isattyEv) referenced from .\build\uartserial.o(.constdata__ZTVN4mbed10UARTSerialE)
 <LI><a href="#[a1]">mbed::UARTSerial::rx_irq()</a> from .\build\uartserial.o(i._ZN4mbed10UARTSerial6rx_irqEv) referenced from .\build\uartserial.o(.constdata)
 <LI><a href="#[a0]">mbed::UARTSerial::tx_irq()</a> from .\build\uartserial.o(i._ZN4mbed10UARTSerial6tx_irqEv) referenced from .\build\uartserial.o(.constdata)
 <LI><a href="#[b2]">mbed::UARTSerial::unlock()</a> from .\build\uartserial.o(i._ZN4mbed10UARTSerial6unlockEv) referenced from .\build\uartserial.o(.constdata__ZTVN4mbed10UARTSerialE)
 <LI><a href="#[9f]">mbed::UARTSerial::dcd_irq()</a> from .\build\uartserial.o(i._ZN4mbed10UARTSerial7dcd_irqEv) referenced from .\build\uartserial.o(.constdata)
 <LI><a href="#[b9]">mbed::UARTSerial::api_lock()</a> from .\build\uartserial.o(i._ZN4mbed10UARTSerial8api_lockEv) referenced from .\build\uartserial.o(.constdata__ZTVN4mbed10UARTSerialE)
 <LI><a href="#[b3]">mbed::UARTSerial::~UARTSerial()</a> from .\build\uartserial.o(i._ZN4mbed10UARTSerialD1Ev) referenced from .\build\uartserial.o(.constdata__ZTVN4mbed10UARTSerialE)
 <LI><a href="#[59]">mbed::Transaction&lang;mbed::SPI&rang;::Transaction()</a> from .\build\spi.o(t._ZN4mbed11TransactionINS_3SPIEEC1Ev) referenced from .\build\spi.o(i.__sti___7_SPI_cpp_ab1f1164)
 <LI><a href="#[8e]">mbed::Transaction&lang;mbed::SPI&rang;::~Transaction()</a> from .\build\spi.o(t._ZN4mbed11TransactionINS_3SPIEED1Ev) referenced from .\build\spi.o(t._ZN4mbed14CircularBufferINS_11TransactionINS_3SPIEEELj4EjED1Ev)
 <LI><a href="#[5a]">mbed::CircularBuffer&lang;mbed::Transaction&lang;mbed::SPI&rang;, (unsigned)4, unsigned&rang;::~CircularBuffer()</a> from .\build\spi.o(t._ZN4mbed14CircularBufferINS_11TransactionINS_3SPIEEELj4EjED1Ev) referenced from .\build\spi.o(i.__sti___7_SPI_cpp_ab1f1164)
 <LI><a href="#[c3]">mbed::LowPowerTicker::~LowPowerTicker__deallocating()</a> from .\build\main.o(i._ZN4mbed14LowPowerTickerD0Ev) referenced from .\build\main.o(.constdata__ZTVN4mbed14LowPowerTickerE)
 <LI><a href="#[5d]">mbed::LowPowerTicker::~LowPowerTicker()</a> from .\build\main.o(i._ZN4mbed14LowPowerTickerD1Ev) referenced from .\build\main.o(.constdata__ZTVN4mbed14LowPowerTickerE)
 <LI><a href="#[5d]">mbed::LowPowerTicker::~LowPowerTicker()</a> from .\build\main.o(i._ZN4mbed14LowPowerTickerD1Ev) referenced from .\build\main.o(i.__sti___8_main_cpp_led0_n)
 <LI><a href="#[c1]">mbed::AT_CellularDevice::close_power()</a> from .\build\at_cellulardevice.o(i._ZN4mbed17AT_CellularDevice11close_powerEv) referenced from .\build\quectel_bg96.o(.constdata__ZTVN4mbed12QUECTEL_BG96E)
 <LI><a href="#[c1]">mbed::AT_CellularDevice::close_power()</a> from .\build\at_cellulardevice.o(i._ZN4mbed17AT_CellularDevice11close_powerEv) referenced from .\build\at_cellulardevice.o(.constdata__ZTVN4mbed17AT_CellularDeviceE)
 <LI><a href="#[c0]">mbed::AT_CellularDevice::close_network()</a> from .\build\at_cellulardevice.o(i._ZN4mbed17AT_CellularDevice13close_networkEv) referenced from .\build\quectel_bg96.o(.constdata__ZTVN4mbed12QUECTEL_BG96E)
 <LI><a href="#[c0]">mbed::AT_CellularDevice::close_network()</a> from .\build\at_cellulardevice.o(i._ZN4mbed17AT_CellularDevice13close_networkEv) referenced from .\build\at_cellulardevice.o(.constdata__ZTVN4mbed17AT_CellularDeviceE)
 <LI><a href="#[c2]">mbed::AT_CellularDevice::modem_debug_on(bool)</a> from .\build\at_cellulardevice.o(i._ZN4mbed17AT_CellularDevice14modem_debug_onEb) referenced from .\build\quectel_bg96.o(.constdata__ZTVN4mbed12QUECTEL_BG96E)
 <LI><a href="#[c2]">mbed::AT_CellularDevice::modem_debug_on(bool)</a> from .\build\at_cellulardevice.o(i._ZN4mbed17AT_CellularDevice14modem_debug_onEb) referenced from .\build\at_cellulardevice.o(.constdata__ZTVN4mbed17AT_CellularDeviceE)
 <LI><a href="#[c5]">mbed::CellularConnectionFSM::~CellularConnectionFSM()</a> from .\build\cellularconnectionfsm.o(i._ZN4mbed21CellularConnectionFSMD1Ev) referenced from .\build\cellularconnectionfsm.o(.constdata__ZTVN4mbed21CellularConnectionFSME)
 <LI><a href="#[5f]">mbed::EasyCellularConnection::~EasyCellularConnection()</a> from .\build\easycellularconnection.o(i._ZN4mbed22EasyCellularConnectionD1Ev) referenced from .\build\easycellularconnection.o(.constdata__ZTVN4mbed22EasyCellularConnectionE)
 <LI><a href="#[5f]">mbed::EasyCellularConnection::~EasyCellularConnection()</a> from .\build\easycellularconnection.o(i._ZN4mbed22EasyCellularConnectionD1Ev) referenced from .\build\main.o(i.__sti___8_main_cpp_led0_n)
 <LI><a href="#[57]">mbed::Timer::~Timer()</a> from .\build\timer.o(i._ZN4mbed5TimerD1Ev) referenced from .\build\arm_hal_timer.o(i.__sti___17_arm_hal_timer_cpp_749a681d)
 <LI><a href="#[57]">mbed::Timer::~Timer()</a> from .\build\timer.o(i._ZN4mbed5TimerD1Ev) referenced from .\build\main.o(i.__sti___8_main_cpp_led0_n)
 <LI><a href="#[c6]">mbed::Serial::lock()</a> from .\build\serial.o(i._ZN4mbed6Serial4lockEv) referenced from .\build\serial.o(.constdata__ZTVN4mbed6SerialE)
 <LI><a href="#[c8]">mbed::Serial::_getc()</a> from .\build\serial.o(i._ZN4mbed6Serial5_getcEv) referenced from .\build\serial.o(.constdata__ZTVN4mbed6SerialE)
 <LI><a href="#[c9]">mbed::Serial::_putc(int)</a> from .\build\serial.o(i._ZN4mbed6Serial5_putcEi) referenced from .\build\serial.o(.constdata__ZTVN4mbed6SerialE)
 <LI><a href="#[c7]">mbed::Serial::unlock()</a> from .\build\serial.o(i._ZN4mbed6Serial6unlockEv) referenced from .\build\serial.o(.constdata__ZTVN4mbed6SerialE)
 <LI><a href="#[5c]">mbed::Serial::~Serial()</a> from .\build\serial.o(i._ZN4mbed6SerialD1Ev) referenced from .\build\serial.o(.constdata__ZTVN4mbed6SerialE)
 <LI><a href="#[5c]">mbed::Serial::~Serial()</a> from .\build\serial.o(i._ZN4mbed6SerialD1Ev) referenced from .\build\main.o(i.__sti___8_main_cpp_led0_n)
 <LI><a href="#[d5]">mbed::Stream::lock()</a> from .\build\stream.o(i._ZN4mbed6Stream4lockEv) referenced from .\build\stream.o(.constdata__ZTVN4mbed6StreamE)
 <LI><a href="#[ca]">mbed::Stream::read(void*, unsigned)</a> from .\build\stream.o(i._ZN4mbed6Stream4readEPvj) referenced from .\build\serial.o(.constdata__ZTVN4mbed6SerialE)
 <LI><a href="#[ca]">mbed::Stream::read(void*, unsigned)</a> from .\build\stream.o(i._ZN4mbed6Stream4readEPvj) referenced from .\build\stream.o(.constdata__ZTVN4mbed6StreamE)
 <LI><a href="#[cc]">mbed::Stream::seek(long, int)</a> from .\build\stream.o(i._ZN4mbed6Stream4seekEli) referenced from .\build\serial.o(.constdata__ZTVN4mbed6SerialE)
 <LI><a href="#[cc]">mbed::Stream::seek(long, int)</a> from .\build\stream.o(i._ZN4mbed6Stream4seekEli) referenced from .\build\stream.o(.constdata__ZTVN4mbed6StreamE)
 <LI><a href="#[cf]">mbed::Stream::size()</a> from .\build\stream.o(i._ZN4mbed6Stream4sizeEv) referenced from .\build\serial.o(.constdata__ZTVN4mbed6SerialE)
 <LI><a href="#[cf]">mbed::Stream::size()</a> from .\build\stream.o(i._ZN4mbed6Stream4sizeEv) referenced from .\build\stream.o(.constdata__ZTVN4mbed6StreamE)
 <LI><a href="#[cd]">mbed::Stream::close()</a> from .\build\stream.o(i._ZN4mbed6Stream5closeEv) referenced from .\build\serial.o(.constdata__ZTVN4mbed6SerialE)
 <LI><a href="#[cd]">mbed::Stream::close()</a> from .\build\stream.o(i._ZN4mbed6Stream5closeEv) referenced from .\build\stream.o(.constdata__ZTVN4mbed6StreamE)
 <LI><a href="#[cb]">mbed::Stream::write(const void*, unsigned)</a> from .\build\stream.o(i._ZN4mbed6Stream5writeEPKvj) referenced from .\build\serial.o(.constdata__ZTVN4mbed6SerialE)
 <LI><a href="#[cb]">mbed::Stream::write(const void*, unsigned)</a> from .\build\stream.o(i._ZN4mbed6Stream5writeEPKvj) referenced from .\build\stream.o(.constdata__ZTVN4mbed6StreamE)
 <LI><a href="#[ce]">mbed::Stream::isatty()</a> from .\build\stream.o(i._ZN4mbed6Stream6isattyEv) referenced from .\build\serial.o(.constdata__ZTVN4mbed6SerialE)
 <LI><a href="#[ce]">mbed::Stream::isatty()</a> from .\build\stream.o(i._ZN4mbed6Stream6isattyEv) referenced from .\build\stream.o(.constdata__ZTVN4mbed6StreamE)
 <LI><a href="#[d6]">mbed::Stream::unlock()</a> from .\build\stream.o(i._ZN4mbed6Stream6unlockEv) referenced from .\build\stream.o(.constdata__ZTVN4mbed6StreamE)
 <LI><a href="#[d4]">mbed::Stream::~Stream__sub_object()</a> from .\build\stream.o(i._ZN4mbed6StreamD2Ev) referenced from .\build\stream.o(.constdata__ZTVN4mbed6StreamE)
 <LI><a href="#[c4]">mbed::Ticker::handler()</a> from .\build\ticker.o(i._ZN4mbed6Ticker7handlerEv) referenced from .\build\main.o(.constdata__ZTVN4mbed14LowPowerTickerE)
 <LI><a href="#[c4]">mbed::Ticker::handler()</a> from .\build\ticker.o(i._ZN4mbed6Ticker7handlerEv) referenced from .\build\ticker.o(.constdata__ZTVN4mbed6TickerE)
 <LI><a href="#[d7]">mbed::Ticker::~Ticker__deallocating()</a> from .\build\ticker.o(i._ZN4mbed6TickerD0Ev) referenced from .\build\ticker.o(.constdata__ZTVN4mbed6TickerE)
 <LI><a href="#[5e]">mbed::Ticker::~Ticker()</a> from .\build\ticker.o(i._ZN4mbed6TickerD1Ev) referenced from .\build\ticker.o(.constdata__ZTVN4mbed6TickerE)
 <LI><a href="#[5e]">mbed::Ticker::~Ticker()</a> from .\build\ticker.o(i._ZN4mbed6TickerD1Ev) referenced from .\build\main.o(i.__sti___8_main_cpp_led0_n)
 <LI><a href="#[d9]">mbed::Timeout::handler()</a> from .\build\timeout.o(i._ZN4mbed7Timeout7handlerEv) referenced from .\build\timeout.o(.constdata__ZTVN4mbed7TimeoutE)
 <LI><a href="#[d8]">mbed::Timeout::~Timeout__deallocating()</a> from .\build\timeout.o(i._ZN4mbed7TimeoutD0Ev) referenced from .\build\timeout.o(.constdata__ZTVN4mbed7TimeoutE)
 <LI><a href="#[58]">mbed::Timeout::~Timeout()</a> from .\build\arm_hal_timer.o(i._ZN4mbed7TimeoutD1Ev) referenced from .\build\timeout.o(.constdata__ZTVN4mbed7TimeoutE)
 <LI><a href="#[58]">mbed::Timeout::~Timeout()</a> from .\build\arm_hal_timer.o(i._ZN4mbed7TimeoutD1Ev) referenced from .\build\arm_hal_timer.o(i.__sti___17_arm_hal_timer_cpp_749a681d)
 <LI><a href="#[dd]">bool mbed::Callback&lang;bool(int, int)&rang;::function_call&lang;bool(*)(int, int)&rang;(const void*, int, int)</a> from .\build\cellularconnectionfsm.o(t._ZN4mbed8CallbackIFbiiEE13function_callIPS1_EEbPKvii) referenced from .\build\cellularconnectionfsm.o(.constdata__ZZN4mbed8CallbackIFbiiEE8generateIPS1_EEvRKT_E3ops)
 <LI><a href="#[df]">void mbed::Callback&lang;bool(int, int)&rang;::function_dtor&lang;bool(*)(int, int)&rang;(void*)</a> from .\build\cellularconnectionfsm.o(t._ZN4mbed8CallbackIFbiiEE13function_dtorIPS1_EEvPv) referenced from .\build\cellularconnectionfsm.o(.constdata__ZZN4mbed8CallbackIFbiiEE8generateIPS1_EEvRKT_E3ops)
 <LI><a href="#[de]">void mbed::Callback&lang;bool(int, int)&rang;::function_move&lang;bool(*)(int, int)&rang;(void*, const void*)</a> from .\build\cellularconnectionfsm.o(t._ZN4mbed8CallbackIFbiiEE13function_moveIPS1_EEvPvPKv) referenced from .\build\cellularconnectionfsm.o(.constdata__ZZN4mbed8CallbackIFbiiEE8generateIPS1_EEvRKT_E3ops)
 <LI><a href="#[e0]">void mbed::Callback&lang;void(nsapi_event, int)&rang;::function_call&lang;void(*)(nsapi_event, int)&rang;(const void*, nsapi_event, int)</a> from .\build\at_cellularnetwork.o(t._ZN4mbed8CallbackIFv11nsapi_eventiEE13function_callIPS2_EEvPKvS1_i) referenced from .\build\at_cellularnetwork.o(.constdata__ZZN4mbed8CallbackIFv11nsapi_eventiEE8generateIPS2_EEvRKT_E3ops)
 <LI><a href="#[e2]">void mbed::Callback&lang;void(nsapi_event, int)&rang;::function_dtor&lang;void(*)(nsapi_event, int)&rang;(void*)</a> from .\build\at_cellularnetwork.o(t._ZN4mbed8CallbackIFv11nsapi_eventiEE13function_dtorIPS2_EEvPv) referenced from .\build\at_cellularnetwork.o(.constdata__ZZN4mbed8CallbackIFv11nsapi_eventiEE8generateIPS2_EEvRKT_E3ops)
 <LI><a href="#[e1]">void mbed::Callback&lang;void(nsapi_event, int)&rang;::function_move&lang;void(*)(nsapi_event, int)&rang;(void*, const void*)</a> from .\build\at_cellularnetwork.o(t._ZN4mbed8CallbackIFv11nsapi_eventiEE13function_moveIPS2_EEvPvPKv) referenced from .\build\at_cellularnetwork.o(.constdata__ZZN4mbed8CallbackIFv11nsapi_eventiEE8generateIPS2_EEvRKT_E3ops)
 <LI><a href="#[56]">mbed::Callback&lang;void(nsapi_event, int)&rang;::~Callback()</a> from .\build\at_cellularnetwork.o(t._ZN4mbed8CallbackIFv11nsapi_eventiEED1Ev) referenced from .\build\ppp_lwip.o(i.__sti___12_ppp_lwip_cpp_b3a13e7c)
 <LI><a href="#[e3]">void mbed::Callback&lang;void(int)&rang;::function_call&lang;void(*)(int)&rang;(const void*, int)</a> from .\build\eventqueue.o(t._ZN4mbed8CallbackIFviEE13function_callIPS1_EEvPKvi) referenced from .\build\eventqueue.o(.constdata__ZZN4mbed8CallbackIFviEE8generateIPS1_EEvRKT_E3ops)
 <LI><a href="#[e5]">void mbed::Callback&lang;void(int)&rang;::function_dtor&lang;void(*)(int)&rang;(void*)</a> from .\build\eventqueue.o(t._ZN4mbed8CallbackIFviEE13function_dtorIPS1_EEvPv) referenced from .\build\eventqueue.o(.constdata__ZZN4mbed8CallbackIFviEE8generateIPS1_EEvRKT_E3ops)
 <LI><a href="#[e4]">void mbed::Callback&lang;void(int)&rang;::function_move&lang;void(*)(int)&rang;(void*, const void*)</a> from .\build\eventqueue.o(t._ZN4mbed8CallbackIFviEE13function_moveIPS1_EEvPvPKv) referenced from .\build\eventqueue.o(.constdata__ZZN4mbed8CallbackIFviEE8generateIPS1_EEvRKT_E3ops)
 <LI><a href="#[e6]">void mbed::Callback&lang;void()&rang;::function_call&lang;mbed::Callback&lang;void()&rang;::method_context&lang;mbed::UARTSerial, void(mbed::UARTSerial::*)()&rang;&rang;(const void*)</a> from .\build\uartserial.o(t._ZN4mbed8CallbackIFvvEE13function_callINS2_14method_contextINS_10UARTSerialEMS5_FvvEEEEEvPKv) referenced from .\build\uartserial.o(.constdata__ZZN4mbed8CallbackIFvvEE8generateINS2_14method_contextINS_10UARTSerialEMS5_FvvEEEEEvRKT_E3ops)
 <LI><a href="#[e9]">void mbed::Callback&lang;void()&rang;::function_call&lang;void(*)()&rang;(const void*)</a> from .\build\arm_hal_timer.o(t._ZN4mbed8CallbackIFvvEE13function_callIPS1_EEvPKv) referenced from .\build\arm_hal_timer.o(.constdata__ZZN4mbed8CallbackIFvvEE8generateIPS1_EEvRKT_E3ops)
 <LI><a href="#[e8]">void mbed::Callback&lang;void()&rang;::function_dtor&lang;mbed::Callback&lang;void()&rang;::method_context&lang;mbed::UARTSerial, void(mbed::UARTSerial::*)()&rang;&rang;(void*)</a> from .\build\uartserial.o(t._ZN4mbed8CallbackIFvvEE13function_dtorINS2_14method_contextINS_10UARTSerialEMS5_FvvEEEEEvPv) referenced from .\build\uartserial.o(.constdata__ZZN4mbed8CallbackIFvvEE8generateINS2_14method_contextINS_10UARTSerialEMS5_FvvEEEEEvRKT_E3ops)
 <LI><a href="#[eb]">void mbed::Callback&lang;void()&rang;::function_dtor&lang;void(*)()&rang;(void*)</a> from .\build\arm_hal_timer.o(t._ZN4mbed8CallbackIFvvEE13function_dtorIPS1_EEvPv) referenced from .\build\arm_hal_timer.o(.constdata__ZZN4mbed8CallbackIFvvEE8generateIPS1_EEvRKT_E3ops)
 <LI><a href="#[e7]">void mbed::Callback&lang;void()&rang;::function_move&lang;mbed::Callback&lang;void()&rang;::method_context&lang;mbed::UARTSerial, void(mbed::UARTSerial::*)()&rang;&rang;(void*, const void*)</a> from .\build\uartserial.o(t._ZN4mbed8CallbackIFvvEE13function_moveINS2_14method_contextINS_10UARTSerialEMS5_FvvEEEEEvPvPKv) referenced from .\build\uartserial.o(.constdata__ZZN4mbed8CallbackIFvvEE8generateINS2_14method_contextINS_10UARTSerialEMS5_FvvEEEEEvRKT_E3ops)
 <LI><a href="#[ea]">void mbed::Callback&lang;void()&rang;::function_move&lang;void(*)()&rang;(void*, const void*)</a> from .\build\arm_hal_timer.o(t._ZN4mbed8CallbackIFvvEE13function_moveIPS1_EEvPvPKv) referenced from .\build\arm_hal_timer.o(.constdata__ZZN4mbed8CallbackIFvvEE8generateIPS1_EEvRKT_E3ops)
 <LI><a href="#[54]">mbed::Callback&lang;void()&rang;::~Callback()</a> from .\build\arm_hal_timer.o(t._ZN4mbed8CallbackIFvvEED1Ev) referenced from .\build\serialbase.o(i._ZN4mbed10SerialBaseD1Ev)
 <LI><a href="#[da]">mbed::FileBase::~FileBase()</a> from .\build\filebase.o(i._ZN4mbed8FileBaseD1Ev) referenced from .\build\filebase.o(.constdata__ZTVN4mbed8FileBaseE)
 <LI><a href="#[db]">mbed::FileLike::~FileLike__sub_object()</a> from .\build\stream.o(i._ZN4mbed8FileLikeD2Ev) referenced from .\build\stream.o(.constdata__ZTVN4mbed8FileLikeE)
 <LI><a href="#[60]">rtos::Mutex::~Mutex()</a> from .\build\mutex.o(i._ZN4rtos5MutexD1Ev) referenced from .\build\main.o(i.__sti___8_main_cpp_led0_n)
 <LI><a href="#[61]">rtos::Thread::~Thread()</a> from .\build\thread.o(i._ZN4rtos6ThreadD1Ev) referenced from .\build\thread.o(.constdata__ZTVN4rtos6ThreadE)
 <LI><a href="#[61]">rtos::Thread::~Thread()</a> from .\build\thread.o(i._ZN4rtos6ThreadD1Ev) referenced from .\build\main.o(i.__sti___8_main_cpp_led0_n)
 <LI><a href="#[dc]">rtos::internal::SysTimer::handler()</a> from .\build\systimer.o(i._ZN4rtos8internal8SysTimer7handlerEv) referenced from .\build\systimer.o(.constdata__ZTVN4rtos8internal8SysTimerE)
 <LI><a href="#[8f]">CThunk&lang;mbed::SerialBase&rang;::trampoline(mbed::SerialBase*, void*, void(mbed::SerialBase::**)(void*))</a> from .\build\serialbase.o(t._ZN6CThunkIN4mbed10SerialBaseEE10trampolineEPS1_PvPMS1_FvS4_E) referenced from .\build\serialbase.o(t._ZN6CThunkIN4mbed10SerialBaseEE4initEPS1_MS1_FvPvES4_)
 <LI><a href="#[5b]">PinDetect::~PinDetect()</a> from .\build\main.o(i._ZN9PinDetectD1Ev) referenced from .\build\main.o(i.__sti___8_main_cpp_led0_n)
 <LI><a href="#[bb]">thunk{-212} to mbed::UARTSerial::read(void*, unsigned)</a> from .\build\uartserial.o(i._ZThn212_N4mbed10UARTSerial4readEPvj) referenced from .\build\uartserial.o(.constdata__ZTVN4mbed10UARTSerialE)
 <LI><a href="#[bd]">thunk{-212} to mbed::UARTSerial::seek(long, int)</a> from .\build\uartserial.o(i._ZThn212_N4mbed10UARTSerial4seekEli) referenced from .\build\uartserial.o(.constdata__ZTVN4mbed10UARTSerialE)
 <LI><a href="#[be]">thunk{-212} to mbed::UARTSerial::close()</a> from .\build\uartserial.o(i._ZThn212_N4mbed10UARTSerial5closeEv) referenced from .\build\uartserial.o(.constdata__ZTVN4mbed10UARTSerialE)
 <LI><a href="#[bc]">thunk{-212} to mbed::UARTSerial::write(const void*, unsigned)</a> from .\build\uartserial.o(i._ZThn212_N4mbed10UARTSerial5writeEPKvj) referenced from .\build\uartserial.o(.constdata__ZTVN4mbed10UARTSerialE)
 <LI><a href="#[bf]">thunk{-212} to mbed::UARTSerial::isatty()</a> from .\build\uartserial.o(i._ZThn212_N4mbed10UARTSerial6isattyEv) referenced from .\build\uartserial.o(.constdata__ZTVN4mbed10UARTSerialE)
 <LI><a href="#[d2]">thunk{-212} to mbed::Serial::lock()</a> from .\build\serial.o(i._ZThn212_N4mbed6Serial4lockEv) referenced from .\build\serial.o(.constdata__ZTVN4mbed6SerialE)
 <LI><a href="#[d1]">thunk{-212} to mbed::Serial::_getc()</a> from .\build\serial.o(i._ZThn212_N4mbed6Serial5_getcEv) referenced from .\build\serial.o(.constdata__ZTVN4mbed6SerialE)
 <LI><a href="#[d0]">thunk{-212} to mbed::Serial::_putc(int)</a> from .\build\serial.o(i._ZThn212_N4mbed6Serial5_putcEi) referenced from .\build\serial.o(.constdata__ZTVN4mbed6SerialE)
 <LI><a href="#[d3]">thunk{-212} to mbed::Serial::unlock()</a> from .\build\serial.o(i._ZThn212_N4mbed6Serial6unlockEv) referenced from .\build\serial.o(.constdata__ZTVN4mbed6SerialE)
 <LI><a href="#[a3]">__cxa_pure_virtual</a> from C:\Keil_v5\ARM\ARMCC\Bin\..\lib\cpplib\cpprt_w.l(pure_virt.o)(i.__cxa_pure_virtual) referenced 10 times from .\build\easycellularconnection.o(.constdata__ZTV12CellularBase)
 <LI><a href="#[a3]">__cxa_pure_virtual</a> from C:\Keil_v5\ARM\ARMCC\Bin\..\lib\cpplib\cpprt_w.l(pure_virt.o)(i.__cxa_pure_virtual) referenced 3 times from .\build\networkinterface.o(.constdata__ZTV16NetworkInterface)
 <LI><a href="#[a3]">__cxa_pure_virtual</a> from C:\Keil_v5\ARM\ARMCC\Bin\..\lib\cpplib\cpprt_w.l(pure_virt.o)(i.__cxa_pure_virtual) referenced 4 times from .\build\filehandle.o(.constdata__ZTVN4mbed10FileHandleE)
 <LI><a href="#[a3]">__cxa_pure_virtual</a> from C:\Keil_v5\ARM\ARMCC\Bin\..\lib\cpplib\cpprt_w.l(pure_virt.o)(i.__cxa_pure_virtual) referenced from .\build\timerevent.o(.constdata__ZTVN4mbed10TimerEventE)
 <LI><a href="#[a3]">__cxa_pure_virtual</a> from C:\Keil_v5\ARM\ARMCC\Bin\..\lib\cpplib\cpprt_w.l(pure_virt.o)(i.__cxa_pure_virtual) referenced 13 times from .\build\at_cellulardevice.o(.constdata__ZTVN4mbed14CellularDeviceE)
 <LI><a href="#[a3]">__cxa_pure_virtual</a> from C:\Keil_v5\ARM\ARMCC\Bin\..\lib\cpplib\cpprt_w.l(pure_virt.o)(i.__cxa_pure_virtual) referenced 2 times from .\build\stream.o(.constdata__ZTVN4mbed6StreamE)
 <LI><a href="#[a3]">__cxa_pure_virtual</a> from C:\Keil_v5\ARM\ARMCC\Bin\..\lib\cpplib\cpprt_w.l(pure_virt.o)(i.__cxa_pure_virtual) referenced 4 times from .\build\stream.o(.constdata__ZTVN4mbed8FileLikeE)
 <LI><a href="#[f0]">__main</a> from C:\Keil_v5\ARM\ARMCC\Bin\..\lib\armlib\c_w.l(__main.o)(!!!main) referenced from .\build\startup_efm32wg.o(.text)
 <LI><a href="#[ed]">__sti___12_ppp_lwip_cpp_b3a13e7c</a> from .\build\ppp_lwip.o(i.__sti___12_ppp_lwip_cpp_b3a13e7c) referenced from .\build\ppp_lwip.o(.init_array)
 <LI><a href="#[ec]">__sti___17_arm_hal_timer_cpp_749a681d</a> from .\build\arm_hal_timer.o(i.__sti___17_arm_hal_timer_cpp_749a681d) referenced from .\build\arm_hal_timer.o(.init_array)
 <LI><a href="#[ee]">__sti___7_SPI_cpp_ab1f1164</a> from .\build\spi.o(i.__sti___7_SPI_cpp_ab1f1164) referenced from .\build\spi.o(.init_array)
 <LI><a href="#[ef]">__sti___8_main_cpp_led0_n</a> from .\build\main.o(i.__sti___8_main_cpp_led0_n) referenced from .\build\main.o(.init_array)
 <LI><a href="#[4c]">_fputc$unlocked</a> from C:\Keil_v5\ARM\ARMCC\Bin\..\lib\armlib\c_w.l(fputc.o)(i.fputc) referenced from C:\Keil_v5\ARM\ARMCC\Bin\..\lib\armlib\c_w.l(_printf_char_file_locked.o)(.text)
 <LI><a href="#[45]">_get_lc_ctype</a> from C:\Keil_v5\ARM\ARMCC\Bin\..\lib\armlib\c_w.l(lc_ctype_c.o)(locale$$code) referenced from C:\Keil_v5\ARM\ARMCC\Bin\..\lib\armlib\c_w.l(rt_ctype_table.o)(.text)
 <LI><a href="#[49]">_printf_input_char</a> from C:\Keil_v5\ARM\ARMCC\Bin\..\lib\armlib\c_w.l(_printf_char_common.o)(.text) referenced from C:\Keil_v5\ARM\ARMCC\Bin\..\lib\armlib\c_w.l(_printf_char_common.o)(.text)
 <LI><a href="#[48]">_sbackspace</a> from C:\Keil_v5\ARM\ARMCC\Bin\..\lib\armlib\c_w.l(_sgetc.o)(.text) referenced from C:\Keil_v5\ARM\ARMCC\Bin\..\lib\armlib\c_w.l(__0sscanf.o)(.text)
 <LI><a href="#[4a]">_scanf_char_input</a> from C:\Keil_v5\ARM\ARMCC\Bin\..\lib\armlib\c_w.l(scanf_char.o)(.text) referenced from C:\Keil_v5\ARM\ARMCC\Bin\..\lib\armlib\c_w.l(scanf_char.o)(.text)
 <LI><a href="#[47]">_sgetc</a> from C:\Keil_v5\ARM\ARMCC\Bin\..\lib\armlib\c_w.l(_sgetc.o)(.text) referenced from C:\Keil_v5\ARM\ARMCC\Bin\..\lib\armlib\c_w.l(__0sscanf.o)(.text)
 <LI><a href="#[46]">_snputc</a> from C:\Keil_v5\ARM\ARMCC\Bin\..\lib\armlib\c_w.l(_snputc.o)(.text) referenced 2 times from C:\Keil_v5\ARM\ARMCC\Bin\..\lib\armlib\c_w.l(vsnprintf.o)(.text)
 <LI><a href="#[4b]">isspace</a> from .\build\greentea_test_env.o(i.isspace) referenced from C:\Keil_v5\ARM\ARMCC\Bin\..\lib\armlib\c_w.l(scanf_char.o)(.text)
 <LI><a href="#[84]">leuart0_irq</a> from .\build\serial_api.o(i.leuart0_irq) referenced from .\build\serial_api.o(i.serial_preinit)
 <LI><a href="#[85]">leuart1_irq</a> from .\build\serial_api.o(i.leuart1_irq) referenced from .\build\serial_api.o(i.serial_preinit)
 <LI><a href="#[93]">lp_ticker_clear_interrupt</a> from .\build\lp_ticker.o(i.lp_ticker_clear_interrupt) referenced from .\build\mbed_lp_ticker_api.o(.constdata)
 <LI><a href="#[92]">lp_ticker_disable_interrupt</a> from .\build\lp_ticker.o(i.lp_ticker_disable_interrupt) referenced from .\build\mbed_lp_ticker_api.o(.constdata)
 <LI><a href="#[95]">lp_ticker_fire_interrupt</a> from .\build\lp_ticker.o(i.lp_ticker_fire_interrupt) referenced from .\build\mbed_lp_ticker_api.o(.constdata)
 <LI><a href="#[96]">lp_ticker_get_info</a> from .\build\mbed_retarget.o(i.lp_ticker_get_info) referenced from .\build\mbed_lp_ticker_api.o(.constdata)
 <LI><a href="#[90]">lp_ticker_init</a> from .\build\lp_ticker.o(i.lp_ticker_init) referenced from .\build\mbed_lp_ticker_api.o(.constdata)
 <LI><a href="#[62]">lp_ticker_irq_handler</a> from .\build\mbed_lp_ticker_api.o(i.lp_ticker_irq_handler) referenced from .\build\lp_ticker.o(i.lp_ticker_init)
 <LI><a href="#[91]">lp_ticker_read</a> from .\build\lp_ticker.o(i.lp_ticker_read) referenced from .\build\mbed_lp_ticker_api.o(.constdata)
 <LI><a href="#[94]">lp_ticker_set_interrupt</a> from .\build\lp_ticker.o(i.lp_ticker_set_interrupt) referenced from .\build\mbed_lp_ticker_api.o(.constdata)
 <LI><a href="#[42]">mbed_fault_handler</a> from .\build\mbed_rtx_fault_handler.o(i.mbed_fault_handler) referenced from .\build\except.o(.text)
 <LI><a href="#[86]">osRtxEventFlagsPostProcess</a> from .\build\rtx_evflags.o(i.osRtxEventFlagsPostProcess) referenced from .\build\rtx_evflags.o(i.svcRtxEventFlagsNew)
 <LI><a href="#[87]">osRtxIdleThread</a> from .\build\mbed_rtx_handlers.o(i.osRtxIdleThread) referenced from .\build\rtx_kernel.o(i.svcRtxKernelStart)
 <LI><a href="#[89]">osRtxMessageQueuePostProcess</a> from .\build\rtx_msgqueue.o(i.osRtxMessageQueuePostProcess) referenced from .\build\rtx_msgqueue.o(i.svcRtxMessageQueueNew)
 <LI><a href="#[8a]">osRtxSemaphorePostProcess</a> from .\build\rtx_semaphore.o(i.osRtxSemaphorePostProcess) referenced from .\build\rtx_semaphore.o(i.svcRtxSemaphoreNew)
 <LI><a href="#[8c]">osRtxThreadPostProcess</a> from .\build\rtx_thread.o(i.osRtxThreadPostProcess) referenced from .\build\rtx_thread.o(i.svcRtxThreadNew)
 <LI><a href="#[88]">osRtxTimerThread</a> from .\build\rtx_timer.o(i.osRtxTimerThread) referenced from .\build\rtx_kernel.o(i.svcRtxKernelStart)
 <LI><a href="#[71]">osRtxTimerTick</a> from .\build\rtx_timer.o(i.osRtxTimerTick) referenced from .\build\rtx_timer.o(i.osRtxTimerThread)
 <LI><a href="#[8b]">osThreadExit</a> from .\build\rtx_thread.o(i.osThreadExit) referenced from .\build\rtx_thread.o(i.svcRtxThreadNew)
 <LI><a href="#[63]">pre_main</a> from .\build\mbed_boot.o(i.pre_main) referenced from .\build\mbed_boot.o(i.mbed_start_main)
 <LI><a href="#[64]">svcRtxDelay</a> from .\build\rtx_delay.o(i.svcRtxDelay) referenced from .\build\rtx_delay.o(i.osDelay)
 <LI><a href="#[65]">svcRtxEventFlagsDelete</a> from .\build\rtx_evflags.o(i.svcRtxEventFlagsDelete) referenced from .\build\rtx_evflags.o(i.osEventFlagsDelete)
 <LI><a href="#[66]">svcRtxEventFlagsNew</a> from .\build\rtx_evflags.o(i.svcRtxEventFlagsNew) referenced from .\build\rtx_evflags.o(i.osEventFlagsNew)
 <LI><a href="#[67]">svcRtxKernelGetState</a> from .\build\rtx_kernel.o(i.svcRtxKernelGetState) referenced from .\build\rtx_kernel.o(i.osKernelGetState)
 <LI><a href="#[68]">svcRtxKernelInitialize</a> from .\build\rtx_kernel.o(i.svcRtxKernelInitialize) referenced from .\build\rtx_kernel.o(i.osKernelInitialize)
 <LI><a href="#[69]">svcRtxKernelStart</a> from .\build\rtx_kernel.o(i.svcRtxKernelStart) referenced from .\build\rtx_kernel.o(i.osKernelStart)
 <LI><a href="#[6a]">svcRtxMessageQueueGet</a> from .\build\rtx_msgqueue.o(i.svcRtxMessageQueueGet) referenced from .\build\rtx_msgqueue.o(i.osMessageQueueGet)
 <LI><a href="#[6b]">svcRtxMessageQueueNew</a> from .\build\rtx_msgqueue.o(i.svcRtxMessageQueueNew) referenced from .\build\rtx_msgqueue.o(i.osMessageQueueNew)
 <LI><a href="#[6c]">svcRtxMessageQueuePut</a> from .\build\rtx_msgqueue.o(i.svcRtxMessageQueuePut) referenced from .\build\rtx_msgqueue.o(i.osMessageQueuePut)
 <LI><a href="#[6d]">svcRtxMutexAcquire</a> from .\build\rtx_mutex.o(i.svcRtxMutexAcquire) referenced from .\build\rtx_mutex.o(i.osMutexAcquire)
 <LI><a href="#[6e]">svcRtxMutexDelete</a> from .\build\rtx_mutex.o(i.svcRtxMutexDelete) referenced from .\build\rtx_mutex.o(i.osMutexDelete)
 <LI><a href="#[6f]">svcRtxMutexNew</a> from .\build\rtx_mutex.o(i.svcRtxMutexNew) referenced from .\build\rtx_mutex.o(i.osMutexNew)
 <LI><a href="#[70]">svcRtxMutexRelease</a> from .\build\rtx_mutex.o(i.svcRtxMutexRelease) referenced from .\build\rtx_mutex.o(i.osMutexRelease)
 <LI><a href="#[72]">svcRtxSemaphoreDelete</a> from .\build\rtx_semaphore.o(i.svcRtxSemaphoreDelete) referenced from .\build\rtx_semaphore.o(i.osSemaphoreDelete)
 <LI><a href="#[73]">svcRtxSemaphoreNew</a> from .\build\rtx_semaphore.o(i.svcRtxSemaphoreNew) referenced from .\build\rtx_semaphore.o(i.osSemaphoreNew)
 <LI><a href="#[74]">svcRtxSemaphoreRelease</a> from .\build\rtx_semaphore.o(i.svcRtxSemaphoreRelease) referenced from .\build\rtx_semaphore.o(i.osSemaphoreRelease)
 <LI><a href="#[76]">svcRtxThreadExit</a> from .\build\rtx_thread.o(i.svcRtxThreadExit) referenced from .\build\rtx_thread.o(i.osThreadExit)
 <LI><a href="#[77]">svcRtxThreadGetId</a> from .\build\rtx_thread.o(i.svcRtxThreadGetId) referenced from .\build\rtx_thread.o(i.osThreadGetId)
 <LI><a href="#[78]">svcRtxThreadGetName</a> from .\build\rtx_thread.o(i.svcRtxThreadGetName) referenced from .\build\rtx_thread.o(i.osThreadGetName)
 <LI><a href="#[75]">svcRtxThreadNew</a> from .\build\rtx_thread.o(i.svcRtxThreadNew) referenced from .\build\rtx_thread.o(i.osThreadContextNew)
 <LI><a href="#[79]">svcRtxThreadTerminate</a> from .\build\rtx_thread.o(i.svcRtxThreadTerminate) referenced from .\build\rtx_thread.o(i.osThreadTerminate)
 <LI><a href="#[e]">ticker_irq_handler</a> from .\build\mbed_ticker_api.o(i.ticker_irq_handler) referenced 4 times from .\build\mbed_lp_ticker_api.o(.data)
 <LI><a href="#[7a]">uart0_rx_irq</a> from .\build\serial_api.o(i.uart0_rx_irq) referenced from .\build\serial_api.o(i.serial_preinit)
 <LI><a href="#[7b]">uart0_tx_irq</a> from .\build\serial_api.o(i.uart0_tx_irq) referenced from .\build\serial_api.o(i.serial_preinit)
 <LI><a href="#[7c]">uart1_rx_irq</a> from .\build\serial_api.o(i.uart1_rx_irq) referenced from .\build\serial_api.o(i.serial_preinit)
 <LI><a href="#[7d]">uart1_tx_irq</a> from .\build\serial_api.o(i.uart1_tx_irq) referenced from .\build\serial_api.o(i.serial_preinit)
 <LI><a href="#[9a]">us_ticker_clear_interrupt</a> from .\build\us_ticker.o(i.us_ticker_clear_interrupt) referenced from .\build\mbed_us_ticker_api.o(.constdata)
 <LI><a href="#[99]">us_ticker_disable_interrupt</a> from .\build\us_ticker.o(i.us_ticker_disable_interrupt) referenced from .\build\mbed_us_ticker_api.o(.constdata)
 <LI><a href="#[9c]">us_ticker_fire_interrupt</a> from .\build\us_ticker.o(i.us_ticker_fire_interrupt) referenced from .\build\mbed_us_ticker_api.o(.constdata)
 <LI><a href="#[9d]">us_ticker_get_info</a> from .\build\mbed_retarget.o(i.us_ticker_get_info) referenced from .\build\mbed_us_ticker_api.o(.constdata)
 <LI><a href="#[97]">us_ticker_init</a> from .\build\us_ticker.o(i.us_ticker_init) referenced from .\build\mbed_us_ticker_api.o(.constdata)
 <LI><a href="#[8d]">us_ticker_irq_handler_internal</a> from .\build\us_ticker.o(i.us_ticker_irq_handler_internal) referenced from .\build\us_ticker.o(i.us_ticker_init)
 <LI><a href="#[98]">us_ticker_read</a> from .\build\us_ticker.o(i.us_ticker_read) referenced from .\build\mbed_us_ticker_api.o(.constdata)
 <LI><a href="#[9b]">us_ticker_set_interrupt</a> from .\build\us_ticker.o(i.us_ticker_set_interrupt) referenced from .\build\mbed_us_ticker_api.o(.constdata)
 <LI><a href="#[7e]">usart0_rx_irq</a> from .\build\serial_api.o(i.usart0_rx_irq) referenced from .\build\serial_api.o(i.serial_preinit)
 <LI><a href="#[7f]">usart0_tx_irq</a> from .\build\serial_api.o(i.usart0_tx_irq) referenced from .\build\serial_api.o(i.serial_preinit)
 <LI><a href="#[80]">usart1_rx_irq</a> from .\build\serial_api.o(i.usart1_rx_irq) referenced from .\build\serial_api.o(i.serial_preinit)
 <LI><a href="#[81]">usart1_tx_irq</a> from .\build\serial_api.o(i.usart1_tx_irq) referenced from .\build\serial_api.o(i.serial_preinit)
 <LI><a href="#[82]">usart2_rx_irq</a> from .\build\serial_api.o(i.usart2_rx_irq) referenced from .\build\serial_api.o(i.serial_preinit)
 <LI><a href="#[83]">usart2_tx_irq</a> from .\build\serial_api.o(i.usart2_tx_irq) referenced from .\build\serial_api.o(i.serial_preinit)
</UL>
<P>
<H3>
Global Symbols
</H3>
<P><STRONG><a name="[f0]"></a>__main</STRONG> (Thumb, 8 bytes, Stack size 0 bytes, C:\Keil_v5\ARM\ARMCC\Bin\..\lib\armlib\c_w.l(__main.o)(!!!main))
<BR><BR>[Stack]<UL><LI>Max Depth = 672 + Unknown Stack Size
<LI>Call Chain = __main &rArr; __rt_entry &rArr; mbed_sdk_init &rArr; gpio_init_out_ex &rArr; _gpio_init_out &rArr; gpio_dir &rArr; gpio_mode &rArr; pin_mode &rArr; mbed_assert_internal &rArr; mbed_die &rArr; wait_ms &rArr; wait_us &rArr; sleep_manager_lock_deep_sleep_internal &rArr; error &rArr; exit &rArr;  mbed_die (Cycle)
</UL>
<BR>[Calls]<UL><LI><a href="#[f5]">&gt;&gt;</a>&nbsp;&nbsp;&nbsp;__rt_entry
<LI><a href="#[f4]">&gt;&gt;</a>&nbsp;&nbsp;&nbsp;__scatterload
</UL>

<P><STRONG><a name="[f4]"></a>__scatterload</STRONG> (Thumb, 0 bytes, Stack size unknown bytes, C:\Keil_v5\ARM\ARMCC\Bin\..\lib\armlib\c_w.l(__scatter.o)(!!!scatter))
<BR><BR>[Called By]<UL><LI><a href="#[f0]">&gt;&gt;</a>&nbsp;&nbsp;&nbsp;__main
</UL>

<P><STRONG><a name="[f6]"></a>__scatterload_rt2</STRONG> (Thumb, 44 bytes, Stack size unknown bytes, C:\Keil_v5\ARM\ARMCC\Bin\..\lib\armlib\c_w.l(__scatter.o)(!!!scatter), UNUSED)
<BR><BR>[Calls]<UL><LI><a href="#[f5]">&gt;&gt;</a>&nbsp;&nbsp;&nbsp;__rt_entry
</UL>

<P><STRONG><a name="[3c7]"></a>__scatterload_rt2_thumb_only</STRONG> (Thumb, 0 bytes, Stack size unknown bytes, C:\Keil_v5\ARM\ARMCC\Bin\..\lib\armlib\c_w.l(__scatter.o)(!!!scatter), UNUSED)

<P><STRONG><a name="[3c8]"></a>__scatterload_null</STRONG> (Thumb, 0 bytes, Stack size unknown bytes, C:\Keil_v5\ARM\ARMCC\Bin\..\lib\armlib\c_w.l(__scatter.o)(!!!scatter), UNUSED)

<P><STRONG><a name="[3c9]"></a>__decompress</STRONG> (Thumb, 90 bytes, Stack size unknown bytes, C:\Keil_v5\ARM\ARMCC\Bin\..\lib\armlib\c_w.l(__dczerorl2.o)(!!dczerorl2), UNUSED)

<P><STRONG><a name="[3ca]"></a>__decompress1</STRONG> (Thumb, 0 bytes, Stack size unknown bytes, C:\Keil_v5\ARM\ARMCC\Bin\..\lib\armlib\c_w.l(__dczerorl2.o)(!!dczerorl2), UNUSED)

<P><STRONG><a name="[3cb]"></a>__scatterload_zeroinit</STRONG> (Thumb, 28 bytes, Stack size unknown bytes, C:\Keil_v5\ARM\ARMCC\Bin\..\lib\armlib\c_w.l(__scatter_zi.o)(!!handler_zi), UNUSED)

<P><STRONG><a name="[f7]"></a>_printf_n</STRONG> (Thumb, 0 bytes, Stack size unknown bytes, C:\Keil_v5\ARM\ARMCC\Bin\..\lib\armlib\c_w.l(_printf_n.o)(.ARM.Collect$$_printf_percent$$00000001))
<BR><BR>[Calls]<UL><LI><a href="#[f8]">&gt;&gt;</a>&nbsp;&nbsp;&nbsp;_printf_charcount
</UL>

<P><STRONG><a name="[147]"></a>_printf_percent</STRONG> (Thumb, 0 bytes, Stack size unknown bytes, C:\Keil_v5\ARM\ARMCC\Bin\..\lib\armlib\c_w.l(_printf_percent.o)(.ARM.Collect$$_printf_percent$$00000000))
<BR><BR>[Called By]<UL><LI><a href="#[145]">&gt;&gt;</a>&nbsp;&nbsp;&nbsp;__printf
</UL>

<P><STRONG><a name="[f9]"></a>_printf_p</STRONG> (Thumb, 0 bytes, Stack size unknown bytes, C:\Keil_v5\ARM\ARMCC\Bin\..\lib\armlib\c_w.l(_printf_p.o)(.ARM.Collect$$_printf_percent$$00000002))
<BR><BR>[Stack]<UL><LI>Max Depth = 64 + Unknown Stack Size
<LI>Call Chain = _printf_p &rArr; _printf_hex_ptr &rArr; _printf_longlong_hex &rArr; _printf_int_common &rArr; _printf_post_padding
</UL>
<BR>[Calls]<UL><LI><a href="#[fa]">&gt;&gt;</a>&nbsp;&nbsp;&nbsp;_printf_hex_ptr
</UL>

<P><STRONG><a name="[fb]"></a>_printf_f</STRONG> (Thumb, 0 bytes, Stack size unknown bytes, C:\Keil_v5\ARM\ARMCC\Bin\..\lib\armlib\c_w.l(_printf_f.o)(.ARM.Collect$$_printf_percent$$00000003))
<BR><BR>[Stack]<UL><LI>Max Depth = 324 + Unknown Stack Size
<LI>Call Chain = _printf_f &rArr; _printf_fp_dec &rArr; _printf_fp_dec_real &rArr; _fp_digits &rArr; _btod_etento &rArr; _btod_emul &rArr; _e2e
</UL>
<BR>[Calls]<UL><LI><a href="#[fc]">&gt;&gt;</a>&nbsp;&nbsp;&nbsp;_printf_fp_dec
</UL>

<P><STRONG><a name="[fd]"></a>_printf_e</STRONG> (Thumb, 0 bytes, Stack size unknown bytes, C:\Keil_v5\ARM\ARMCC\Bin\..\lib\armlib\c_w.l(_printf_e.o)(.ARM.Collect$$_printf_percent$$00000004))
<BR><BR>[Stack]<UL><LI>Max Depth = 324 + Unknown Stack Size
<LI>Call Chain = _printf_e &rArr; _printf_fp_dec &rArr; _printf_fp_dec_real &rArr; _fp_digits &rArr; _btod_etento &rArr; _btod_emul &rArr; _e2e
</UL>
<BR>[Calls]<UL><LI><a href="#[fc]">&gt;&gt;</a>&nbsp;&nbsp;&nbsp;_printf_fp_dec
</UL>

<P><STRONG><a name="[fe]"></a>_printf_g</STRONG> (Thumb, 0 bytes, Stack size unknown bytes, C:\Keil_v5\ARM\ARMCC\Bin\..\lib\armlib\c_w.l(_printf_g.o)(.ARM.Collect$$_printf_percent$$00000005))
<BR><BR>[Stack]<UL><LI>Max Depth = 324 + Unknown Stack Size
<LI>Call Chain = _printf_g &rArr; _printf_fp_dec &rArr; _printf_fp_dec_real &rArr; _fp_digits &rArr; _btod_etento &rArr; _btod_emul &rArr; _e2e
</UL>
<BR>[Calls]<UL><LI><a href="#[fc]">&gt;&gt;</a>&nbsp;&nbsp;&nbsp;_printf_fp_dec
</UL>

<P><STRONG><a name="[ff]"></a>_printf_a</STRONG> (Thumb, 0 bytes, Stack size unknown bytes, C:\Keil_v5\ARM\ARMCC\Bin\..\lib\armlib\c_w.l(_printf_a.o)(.ARM.Collect$$_printf_percent$$00000006))
<BR><BR>[Stack]<UL><LI>Max Depth = 112 + Unknown Stack Size
<LI>Call Chain = _printf_a &rArr; _printf_fp_hex &rArr; _printf_fp_hex_real &rArr; _printf_fp_infnan &rArr; _printf_post_padding
</UL>
<BR>[Calls]<UL><LI><a href="#[100]">&gt;&gt;</a>&nbsp;&nbsp;&nbsp;_printf_fp_hex
</UL>

<P><STRONG><a name="[3cc]"></a>_printf_ll</STRONG> (Thumb, 0 bytes, Stack size unknown bytes, C:\Keil_v5\ARM\ARMCC\Bin\..\lib\armlib\c_w.l(_printf_ll.o)(.ARM.Collect$$_printf_percent$$00000007))

<P><STRONG><a name="[101]"></a>_printf_i</STRONG> (Thumb, 0 bytes, Stack size unknown bytes, C:\Keil_v5\ARM\ARMCC\Bin\..\lib\armlib\c_w.l(_printf_i.o)(.ARM.Collect$$_printf_percent$$00000008))
<BR><BR>[Stack]<UL><LI>Max Depth = 72 + Unknown Stack Size
<LI>Call Chain = _printf_i &rArr; _printf_int_dec &rArr; _printf_int_common &rArr; _printf_post_padding
</UL>
<BR>[Calls]<UL><LI><a href="#[102]">&gt;&gt;</a>&nbsp;&nbsp;&nbsp;_printf_int_dec
</UL>

<P><STRONG><a name="[103]"></a>_printf_d</STRONG> (Thumb, 0 bytes, Stack size unknown bytes, C:\Keil_v5\ARM\ARMCC\Bin\..\lib\armlib\c_w.l(_printf_d.o)(.ARM.Collect$$_printf_percent$$00000009))
<BR><BR>[Stack]<UL><LI>Max Depth = 72 + Unknown Stack Size
<LI>Call Chain = _printf_d &rArr; _printf_int_dec &rArr; _printf_int_common &rArr; _printf_post_padding
</UL>
<BR>[Calls]<UL><LI><a href="#[102]">&gt;&gt;</a>&nbsp;&nbsp;&nbsp;_printf_int_dec
</UL>

<P><STRONG><a name="[104]"></a>_printf_u</STRONG> (Thumb, 0 bytes, Stack size unknown bytes, C:\Keil_v5\ARM\ARMCC\Bin\..\lib\armlib\c_w.l(_printf_u.o)(.ARM.Collect$$_printf_percent$$0000000A))
<BR><BR>[Stack]<UL><LI>Max Depth = 72 + Unknown Stack Size
<LI>Call Chain = _printf_u &rArr; _printf_int_dec &rArr; _printf_int_common &rArr; _printf_post_padding
</UL>
<BR>[Calls]<UL><LI><a href="#[102]">&gt;&gt;</a>&nbsp;&nbsp;&nbsp;_printf_int_dec
</UL>

<P><STRONG><a name="[105]"></a>_printf_o</STRONG> (Thumb, 0 bytes, Stack size unknown bytes, C:\Keil_v5\ARM\ARMCC\Bin\..\lib\armlib\c_w.l(_printf_o.o)(.ARM.Collect$$_printf_percent$$0000000B))
<BR><BR>[Stack]<UL><LI>Max Depth = 64 + Unknown Stack Size
<LI>Call Chain = _printf_o &rArr; _printf_int_oct &rArr; _printf_longlong_oct &rArr; _printf_int_common &rArr; _printf_post_padding
</UL>
<BR>[Calls]<UL><LI><a href="#[106]">&gt;&gt;</a>&nbsp;&nbsp;&nbsp;_printf_int_oct
</UL>

<P><STRONG><a name="[107]"></a>_printf_x</STRONG> (Thumb, 0 bytes, Stack size unknown bytes, C:\Keil_v5\ARM\ARMCC\Bin\..\lib\armlib\c_w.l(_printf_x.o)(.ARM.Collect$$_printf_percent$$0000000C))
<BR><BR>[Stack]<UL><LI>Max Depth = 80 + Unknown Stack Size
<LI>Call Chain = _printf_x &rArr; _printf_int_hex &rArr; _printf_longlong_hex &rArr; _printf_int_common &rArr; _printf_post_padding
</UL>
<BR>[Calls]<UL><LI><a href="#[108]">&gt;&gt;</a>&nbsp;&nbsp;&nbsp;_printf_int_hex
</UL>

<P><STRONG><a name="[109]"></a>_printf_lli</STRONG> (Thumb, 0 bytes, Stack size unknown bytes, C:\Keil_v5\ARM\ARMCC\Bin\..\lib\armlib\c_w.l(_printf_lli.o)(.ARM.Collect$$_printf_percent$$0000000D))
<BR><BR>[Stack]<UL><LI>Max Depth = 72 + Unknown Stack Size
<LI>Call Chain = _printf_lli &rArr; _printf_longlong_dec &rArr; _printf_int_common &rArr; _printf_post_padding
</UL>
<BR>[Calls]<UL><LI><a href="#[10a]">&gt;&gt;</a>&nbsp;&nbsp;&nbsp;_printf_longlong_dec
</UL>

<P><STRONG><a name="[10b]"></a>_printf_lld</STRONG> (Thumb, 0 bytes, Stack size unknown bytes, C:\Keil_v5\ARM\ARMCC\Bin\..\lib\armlib\c_w.l(_printf_lld.o)(.ARM.Collect$$_printf_percent$$0000000E))
<BR><BR>[Stack]<UL><LI>Max Depth = 72 + Unknown Stack Size
<LI>Call Chain = _printf_lld &rArr; _printf_longlong_dec &rArr; _printf_int_common &rArr; _printf_post_padding
</UL>
<BR>[Calls]<UL><LI><a href="#[10a]">&gt;&gt;</a>&nbsp;&nbsp;&nbsp;_printf_longlong_dec
</UL>

<P><STRONG><a name="[10c]"></a>_printf_llu</STRONG> (Thumb, 0 bytes, Stack size unknown bytes, C:\Keil_v5\ARM\ARMCC\Bin\..\lib\armlib\c_w.l(_printf_llu.o)(.ARM.Collect$$_printf_percent$$0000000F))
<BR><BR>[Stack]<UL><LI>Max Depth = 72 + Unknown Stack Size
<LI>Call Chain = _printf_llu &rArr; _printf_longlong_dec &rArr; _printf_int_common &rArr; _printf_post_padding
</UL>
<BR>[Calls]<UL><LI><a href="#[10a]">&gt;&gt;</a>&nbsp;&nbsp;&nbsp;_printf_longlong_dec
</UL>

<P><STRONG><a name="[10d]"></a>_printf_llo</STRONG> (Thumb, 0 bytes, Stack size unknown bytes, C:\Keil_v5\ARM\ARMCC\Bin\..\lib\armlib\c_w.l(_printf_llo.o)(.ARM.Collect$$_printf_percent$$00000010))
<BR><BR>[Stack]<UL><LI>Max Depth = 56 + Unknown Stack Size
<LI>Call Chain = _printf_llo &rArr; _printf_ll_oct &rArr; _printf_longlong_oct &rArr; _printf_int_common &rArr; _printf_post_padding
</UL>
<BR>[Calls]<UL><LI><a href="#[10e]">&gt;&gt;</a>&nbsp;&nbsp;&nbsp;_printf_ll_oct
</UL>

<P><STRONG><a name="[10f]"></a>_printf_llx</STRONG> (Thumb, 0 bytes, Stack size unknown bytes, C:\Keil_v5\ARM\ARMCC\Bin\..\lib\armlib\c_w.l(_printf_llx.o)(.ARM.Collect$$_printf_percent$$00000011))
<BR><BR>[Stack]<UL><LI>Max Depth = 64 + Unknown Stack Size
<LI>Call Chain = _printf_llx &rArr; _printf_ll_hex &rArr; _printf_longlong_hex &rArr; _printf_int_common &rArr; _printf_post_padding
</UL>
<BR>[Calls]<UL><LI><a href="#[110]">&gt;&gt;</a>&nbsp;&nbsp;&nbsp;_printf_ll_hex
</UL>

<P><STRONG><a name="[3cd]"></a>_printf_l</STRONG> (Thumb, 0 bytes, Stack size unknown bytes, C:\Keil_v5\ARM\ARMCC\Bin\..\lib\armlib\c_w.l(_printf_l.o)(.ARM.Collect$$_printf_percent$$00000012))

<P><STRONG><a name="[111]"></a>_printf_c</STRONG> (Thumb, 0 bytes, Stack size unknown bytes, C:\Keil_v5\ARM\ARMCC\Bin\..\lib\armlib\c_w.l(_printf_c.o)(.ARM.Collect$$_printf_percent$$00000013))
<BR><BR>[Stack]<UL><LI>Max Depth = 40 + Unknown Stack Size
<LI>Call Chain = _printf_c &rArr; _printf_char &rArr; _printf_cs_common &rArr; _printf_str &rArr; _printf_post_padding
</UL>
<BR>[Calls]<UL><LI><a href="#[112]">&gt;&gt;</a>&nbsp;&nbsp;&nbsp;_printf_char
</UL>

<P><STRONG><a name="[113]"></a>_printf_s</STRONG> (Thumb, 0 bytes, Stack size unknown bytes, C:\Keil_v5\ARM\ARMCC\Bin\..\lib\armlib\c_w.l(_printf_s.o)(.ARM.Collect$$_printf_percent$$00000014))
<BR><BR>[Stack]<UL><LI>Max Depth = 40 + Unknown Stack Size
<LI>Call Chain = _printf_s &rArr; _printf_string &rArr; _printf_cs_common &rArr; _printf_str &rArr; _printf_post_padding
</UL>
<BR>[Calls]<UL><LI><a href="#[114]">&gt;&gt;</a>&nbsp;&nbsp;&nbsp;_printf_string
</UL>

<P><STRONG><a name="[115]"></a>_printf_lc</STRONG> (Thumb, 0 bytes, Stack size unknown bytes, C:\Keil_v5\ARM\ARMCC\Bin\..\lib\armlib\c_w.l(_printf_lc.o)(.ARM.Collect$$_printf_percent$$00000015))
<BR><BR>[Stack]<UL><LI>Max Depth = 96 + Unknown Stack Size
<LI>Call Chain = _printf_lc &rArr; _printf_wchar &rArr; _printf_lcs_common &rArr; _printf_wctomb &rArr; _wcrtomb &rArr; __rt_ctype_table &rArr; __rt_locale
</UL>
<BR>[Calls]<UL><LI><a href="#[116]">&gt;&gt;</a>&nbsp;&nbsp;&nbsp;_printf_wchar
</UL>

<P><STRONG><a name="[117]"></a>_printf_ls</STRONG> (Thumb, 0 bytes, Stack size unknown bytes, C:\Keil_v5\ARM\ARMCC\Bin\..\lib\armlib\c_w.l(_printf_ls.o)(.ARM.Collect$$_printf_percent$$00000016))
<BR><BR>[Stack]<UL><LI>Max Depth = 96 + Unknown Stack Size
<LI>Call Chain = _printf_ls &rArr; _printf_wstring &rArr; _printf_lcs_common &rArr; _printf_wctomb &rArr; _wcrtomb &rArr; __rt_ctype_table &rArr; __rt_locale
</UL>
<BR>[Calls]<UL><LI><a href="#[118]">&gt;&gt;</a>&nbsp;&nbsp;&nbsp;_printf_wstring
</UL>

<P><STRONG><a name="[3ce]"></a>_printf_percent_end</STRONG> (Thumb, 0 bytes, Stack size unknown bytes, C:\Keil_v5\ARM\ARMCC\Bin\..\lib\armlib\c_w.l(_printf_percent_end.o)(.ARM.Collect$$_printf_percent$$00000017))

<P><STRONG><a name="[375]"></a>__rt_lib_init</STRONG> (Thumb, 0 bytes, Stack size unknown bytes, C:\Keil_v5\ARM\ARMCC\Bin\..\lib\armlib\c_w.l(libinit.o)(.ARM.Collect$$libinit$$00000000))
<BR><BR>[Called By]<UL><LI><a href="#[63]">&gt;&gt;</a>&nbsp;&nbsp;&nbsp;pre_main
</UL>

<P><STRONG><a name="[119]"></a>__rt_lib_init_fp_1</STRONG> (Thumb, 0 bytes, Stack size unknown bytes, C:\Keil_v5\ARM\ARMCC\Bin\..\lib\armlib\c_w.l(libinit2.o)(.ARM.Collect$$libinit$$00000001))
<BR><BR>[Calls]<UL><LI><a href="#[11a]">&gt;&gt;</a>&nbsp;&nbsp;&nbsp;_fp_init
</UL>

<P><STRONG><a name="[11b]"></a>__rt_lib_init_heap_2</STRONG> (Thumb, 0 bytes, Stack size unknown bytes, C:\Keil_v5\ARM\ARMCC\Bin\..\lib\armlib\c_w.l(libinit2.o)(.ARM.Collect$$libinit$$00000005))
<BR><BR>[Stack]<UL><LI>Max Depth = 160 + Unknown Stack Size
<LI>Call Chain = __rt_lib_init_heap_2 &rArr; _init_alloc &rArr; __Heap_Initialize &rArr; _mutex_initialize &rArr; malloc &rArr; _malloc_internal &rArr; __Heap_Full &rArr; __Heap_ProvideMemory &rArr; _free_internal &rArr; _mutex_release &rArr; os_kernel_is_active &rArr; osKernelGetState &rArr; svcRtxKernelGetState
</UL>
<BR>[Calls]<UL><LI><a href="#[11c]">&gt;&gt;</a>&nbsp;&nbsp;&nbsp;_init_alloc
</UL>

<P><STRONG><a name="[3cf]"></a>__rt_lib_init_preinit_1</STRONG> (Thumb, 0 bytes, Stack size unknown bytes, C:\Keil_v5\ARM\ARMCC\Bin\..\lib\armlib\c_w.l(libinit2.o)(.ARM.Collect$$libinit$$00000004))

<P><STRONG><a name="[3d0]"></a>__rt_lib_init_heap_1</STRONG> (Thumb, 0 bytes, Stack size unknown bytes, C:\Keil_v5\ARM\ARMCC\Bin\..\lib\armlib\c_w.l(libinit2.o)(.ARM.Collect$$libinit$$0000000A))

<P><STRONG><a name="[11d]"></a>__rt_lib_init_lc_common</STRONG> (Thumb, 0 bytes, Stack size unknown bytes, C:\Keil_v5\ARM\ARMCC\Bin\..\lib\armlib\c_w.l(libinit2.o)(.ARM.Collect$$libinit$$0000000F))
<BR><BR>[Stack]<UL><LI>Max Depth = 8 + Unknown Stack Size
<LI>Call Chain = __rt_lib_init_lc_common &rArr; __rt_locale
</UL>
<BR>[Calls]<UL><LI><a href="#[11e]">&gt;&gt;</a>&nbsp;&nbsp;&nbsp;__rt_locale
</UL>

<P><STRONG><a name="[3d1]"></a>__rt_lib_init_rand_1</STRONG> (Thumb, 0 bytes, Stack size unknown bytes, C:\Keil_v5\ARM\ARMCC\Bin\..\lib\armlib\c_w.l(libinit2.o)(.ARM.Collect$$libinit$$0000000E))

<P><STRONG><a name="[3d2]"></a>__rt_lib_init_user_alloc_1</STRONG> (Thumb, 0 bytes, Stack size unknown bytes, C:\Keil_v5\ARM\ARMCC\Bin\..\lib\armlib\c_w.l(libinit2.o)(.ARM.Collect$$libinit$$0000000C))

<P><STRONG><a name="[3d3]"></a>__rt_lib_init_lc_collate_1</STRONG> (Thumb, 0 bytes, Stack size unknown bytes, C:\Keil_v5\ARM\ARMCC\Bin\..\lib\armlib\c_w.l(libinit2.o)(.ARM.Collect$$libinit$$00000011))

<P><STRONG><a name="[11f]"></a>__rt_lib_init_lc_ctype_2</STRONG> (Thumb, 0 bytes, Stack size unknown bytes, C:\Keil_v5\ARM\ARMCC\Bin\..\lib\armlib\c_w.l(libinit2.o)(.ARM.Collect$$libinit$$00000012))
<BR><BR>[Stack]<UL><LI>Max Depth = 8 + Unknown Stack Size
<LI>Call Chain = __rt_lib_init_lc_ctype_2 &rArr; _get_lc_ctype
</UL>
<BR>[Calls]<UL><LI><a href="#[45]">&gt;&gt;</a>&nbsp;&nbsp;&nbsp;_get_lc_ctype
</UL>

<P><STRONG><a name="[3d4]"></a>__rt_lib_init_lc_ctype_1</STRONG> (Thumb, 0 bytes, Stack size unknown bytes, C:\Keil_v5\ARM\ARMCC\Bin\..\lib\armlib\c_w.l(libinit2.o)(.ARM.Collect$$libinit$$00000013))

<P><STRONG><a name="[3d5]"></a>__rt_lib_init_lc_monetary_1</STRONG> (Thumb, 0 bytes, Stack size unknown bytes, C:\Keil_v5\ARM\ARMCC\Bin\..\lib\armlib\c_w.l(libinit2.o)(.ARM.Collect$$libinit$$00000015))

<P><STRONG><a name="[120]"></a>__rt_lib_init_lc_numeric_2</STRONG> (Thumb, 0 bytes, Stack size unknown bytes, C:\Keil_v5\ARM\ARMCC\Bin\..\lib\armlib\c_w.l(libinit2.o)(.ARM.Collect$$libinit$$00000016))
<BR><BR>[Stack]<UL><LI>Max Depth = 8 + Unknown Stack Size
<LI>Call Chain = __rt_lib_init_lc_numeric_2 &rArr; _get_lc_numeric
</UL>
<BR>[Calls]<UL><LI><a href="#[121]">&gt;&gt;</a>&nbsp;&nbsp;&nbsp;_get_lc_numeric
</UL>

<P><STRONG><a name="[3d6]"></a>__rt_lib_init_atexit_1</STRONG> (Thumb, 0 bytes, Stack size unknown bytes, C:\Keil_v5\ARM\ARMCC\Bin\..\lib\armlib\c_w.l(libinit2.o)(.ARM.Collect$$libinit$$0000001B))

<P><STRONG><a name="[3d7]"></a>__rt_lib_init_clock_1</STRONG> (Thumb, 0 bytes, Stack size unknown bytes, C:\Keil_v5\ARM\ARMCC\Bin\..\lib\armlib\c_w.l(libinit2.o)(.ARM.Collect$$libinit$$00000021))

<P><STRONG><a name="[3d8]"></a>__rt_lib_init_fp_trap_1</STRONG> (Thumb, 0 bytes, Stack size unknown bytes, C:\Keil_v5\ARM\ARMCC\Bin\..\lib\armlib\c_w.l(libinit2.o)(.ARM.Collect$$libinit$$0000001F))

<P><STRONG><a name="[3d9]"></a>__rt_lib_init_getenv_1</STRONG> (Thumb, 0 bytes, Stack size unknown bytes, C:\Keil_v5\ARM\ARMCC\Bin\..\lib\armlib\c_w.l(libinit2.o)(.ARM.Collect$$libinit$$00000023))

<P><STRONG><a name="[3da]"></a>__rt_lib_init_lc_numeric_1</STRONG> (Thumb, 0 bytes, Stack size unknown bytes, C:\Keil_v5\ARM\ARMCC\Bin\..\lib\armlib\c_w.l(libinit2.o)(.ARM.Collect$$libinit$$00000017))

<P><STRONG><a name="[3db]"></a>__rt_lib_init_lc_time_1</STRONG> (Thumb, 0 bytes, Stack size unknown bytes, C:\Keil_v5\ARM\ARMCC\Bin\..\lib\armlib\c_w.l(libinit2.o)(.ARM.Collect$$libinit$$00000019))

<P><STRONG><a name="[3dc]"></a>__rt_lib_init_signal_1</STRONG> (Thumb, 0 bytes, Stack size unknown bytes, C:\Keil_v5\ARM\ARMCC\Bin\..\lib\armlib\c_w.l(libinit2.o)(.ARM.Collect$$libinit$$0000001D))

<P><STRONG><a name="[122]"></a>__rt_lib_init_stdio_2</STRONG> (Thumb, 0 bytes, Stack size unknown bytes, C:\Keil_v5\ARM\ARMCC\Bin\..\lib\armlib\c_w.l(libinit2.o)(.ARM.Collect$$libinit$$00000024))
<BR><BR>[Stack]<UL><LI>Max Depth = 768 + Unknown Stack Size
<LI>Call Chain = __rt_lib_init_stdio_2 &rArr; _initio &rArr; freopen &rArr; _freopen_locked &rArr; _sys_open &rArr; open &rArr; mbed::FilePath::FilePath(const char*) &rArr; mbed::FileBase::lookup(const char*, unsigned) &rArr; SingletonPtr&lang;rtos::Mutex&rang;::operator -&rang;() &rArr; SingletonPtr&lang;rtos::Mutex&rang;::get() &rArr; rtos::Mutex::Mutex() &rArr; rtos::Mutex::constructor(const char*) &rArr; mbed_assert_internal &rArr; mbed_die &rArr; wait_ms &rArr; wait_us &rArr; sleep_manager_lock_deep_sleep_internal &rArr; error &rArr; exit &rArr;  mbed_die (Cycle)
</UL>
<BR>[Calls]<UL><LI><a href="#[123]">&gt;&gt;</a>&nbsp;&nbsp;&nbsp;_initio
</UL>

<P><STRONG><a name="[3dd]"></a>__rt_lib_init_alloca_1</STRONG> (Thumb, 0 bytes, Stack size unknown bytes, C:\Keil_v5\ARM\ARMCC\Bin\..\lib\armlib\c_w.l(libinit2.o)(.ARM.Collect$$libinit$$0000002E))

<P><STRONG><a name="[3de]"></a>__rt_lib_init_argv_1</STRONG> (Thumb, 0 bytes, Stack size unknown bytes, C:\Keil_v5\ARM\ARMCC\Bin\..\lib\armlib\c_w.l(libinit2.o)(.ARM.Collect$$libinit$$0000002C))

<P><STRONG><a name="[124]"></a>__rt_lib_init_cpp_2</STRONG> (Thumb, 0 bytes, Stack size unknown bytes, C:\Keil_v5\ARM\ARMCC\Bin\..\lib\armlib\c_w.l(libinit2.o)(.ARM.Collect$$libinit$$00000031))
<BR><BR>[Stack]<UL><LI>Max Depth = 16 + Unknown Stack Size
<LI>Call Chain = __rt_lib_init_cpp_2 &rArr; __cpp_initialize__aeabi_
</UL>
<BR>[Calls]<UL><LI><a href="#[f3]">&gt;&gt;</a>&nbsp;&nbsp;&nbsp;__cpp_initialize__aeabi_
</UL>

<P><STRONG><a name="[3df]"></a>__rt_lib_init_exceptions_1</STRONG> (Thumb, 0 bytes, Stack size unknown bytes, C:\Keil_v5\ARM\ARMCC\Bin\..\lib\armlib\c_w.l(libinit2.o)(.ARM.Collect$$libinit$$00000030))

<P><STRONG><a name="[3e0]"></a>__rt_lib_init_stdio_1</STRONG> (Thumb, 0 bytes, Stack size unknown bytes, C:\Keil_v5\ARM\ARMCC\Bin\..\lib\armlib\c_w.l(libinit2.o)(.ARM.Collect$$libinit$$00000025))

<P><STRONG><a name="[3e1]"></a>__rt_lib_init_cpp_1</STRONG> (Thumb, 0 bytes, Stack size unknown bytes, C:\Keil_v5\ARM\ARMCC\Bin\..\lib\armlib\c_w.l(libinit2.o)(.ARM.Collect$$libinit$$00000032))

<P><STRONG><a name="[3e2]"></a>__rt_lib_init_return</STRONG> (Thumb, 0 bytes, Stack size unknown bytes, C:\Keil_v5\ARM\ARMCC\Bin\..\lib\armlib\c_w.l(libinit2.o)(.ARM.Collect$$libinit$$00000033))

<P><STRONG><a name="[3e3]"></a>__asm___13_rtx_evflags_c_736f7bde__atomic_wr8</STRONG> (Thumb, 16 bytes, Stack size 0 bytes, .\build\rtx_evflags.o(.emb_text), UNUSED)

<P><STRONG><a name="[3e4]"></a>__rt_lib_shutdown_heap_2</STRONG> (Thumb, 0 bytes, Stack size 0 bytes, C:\Keil_v5\ARM\ARMCC\Bin\..\lib\armlib\c_w.l(libshutdown2.o)(.ARM.Collect$$libshutdown$$0000000F))

<P><STRONG><a name="[3e5]"></a>__rt_lib_shutdown_stdio_2</STRONG> (Thumb, 0 bytes, Stack size 0 bytes, C:\Keil_v5\ARM\ARMCC\Bin\..\lib\armlib\c_w.l(libshutdown2.o)(.ARM.Collect$$libshutdown$$00000004))

<P><STRONG><a name="[3e6]"></a>__asm___13_rtx_evflags_c_736f7bde__atomic_set32</STRONG> (Thumb, 20 bytes, Stack size 0 bytes, .\build\rtx_evflags.o(.emb_text), UNUSED)

<P><STRONG><a name="[3e7]"></a>__asm___13_rtx_evflags_c_736f7bde__atomic_clr32</STRONG> (Thumb, 22 bytes, Stack size 0 bytes, .\build\rtx_evflags.o(.emb_text), UNUSED)

<P><STRONG><a name="[1b6]"></a>__asm___13_rtx_evflags_c_736f7bde__atomic_chk32_all</STRONG> (Thumb, 38 bytes, Stack size 0 bytes, .\build\rtx_evflags.o(.emb_text))
<BR><BR>[Called By]<UL><LI><a href="#[1b5]">&gt;&gt;</a>&nbsp;&nbsp;&nbsp;EventFlagsCheck
</UL>

<P><STRONG><a name="[1b7]"></a>__asm___13_rtx_evflags_c_736f7bde__atomic_chk32_any</STRONG> (Thumb, 34 bytes, Stack size 0 bytes, .\build\rtx_evflags.o(.emb_text))
<BR><BR>[Called By]<UL><LI><a href="#[1b5]">&gt;&gt;</a>&nbsp;&nbsp;&nbsp;EventFlagsCheck
</UL>

<P><STRONG><a name="[3e8]"></a>__asm___13_rtx_evflags_c_736f7bde__atomic_inc32</STRONG> (Thumb, 18 bytes, Stack size 0 bytes, .\build\rtx_evflags.o(.emb_text), UNUSED)

<P><STRONG><a name="[3e9]"></a>__asm___13_rtx_evflags_c_736f7bde__atomic_inc32_lt</STRONG> (Thumb, 30 bytes, Stack size 0 bytes, .\build\rtx_evflags.o(.emb_text), UNUSED)

<P><STRONG><a name="[3ea]"></a>__asm___13_rtx_evflags_c_736f7bde__atomic_inc16_lt</STRONG> (Thumb, 30 bytes, Stack size 0 bytes, .\build\rtx_evflags.o(.emb_text), UNUSED)

<P><STRONG><a name="[3eb]"></a>__asm___13_rtx_evflags_c_736f7bde__atomic_inc16_lim</STRONG> (Thumb, 26 bytes, Stack size 0 bytes, .\build\rtx_evflags.o(.emb_text), UNUSED)

<P><STRONG><a name="[3ec]"></a>__asm___13_rtx_evflags_c_736f7bde__atomic_dec32_nz</STRONG> (Thumb, 26 bytes, Stack size 0 bytes, .\build\rtx_evflags.o(.emb_text), UNUSED)

<P><STRONG><a name="[3ed]"></a>__asm___13_rtx_evflags_c_736f7bde__atomic_dec16_nz</STRONG> (Thumb, 26 bytes, Stack size 0 bytes, .\build\rtx_evflags.o(.emb_text), UNUSED)

<P><STRONG><a name="[3ee]"></a>__asm___13_rtx_evflags_c_736f7bde__atomic_link_get</STRONG> (Thumb, 26 bytes, Stack size 0 bytes, .\build\rtx_evflags.o(.emb_text), UNUSED)

<P><STRONG><a name="[125]"></a>__asm___13_rtx_evflags_c_736f7bde__atomic_link_put</STRONG> (Thumb, 28 bytes, Stack size 0 bytes, .\build\rtx_evflags.o(.emb_text), UNUSED)
<BR><BR>[Calls]<UL><LI><a href="#[125]">&gt;&gt;</a>&nbsp;&nbsp;&nbsp;__asm___13_rtx_evflags_c_736f7bde__atomic_link_put
</UL>
<BR>[Called By]<UL><LI><a href="#[125]">&gt;&gt;</a>&nbsp;&nbsp;&nbsp;__asm___13_rtx_evflags_c_736f7bde__atomic_link_put
</UL>

<P><STRONG><a name="[3ef]"></a>__asm___13_rtx_mempool_c_7914b4c7__atomic_wr8</STRONG> (Thumb, 16 bytes, Stack size 0 bytes, .\build\rtx_mempool.o(.emb_text), UNUSED)

<P><STRONG><a name="[3f0]"></a>__asm___13_rtx_mempool_c_7914b4c7__atomic_set32</STRONG> (Thumb, 20 bytes, Stack size 0 bytes, .\build\rtx_mempool.o(.emb_text), UNUSED)

<P><STRONG><a name="[3f1]"></a>__asm___13_rtx_mempool_c_7914b4c7__atomic_clr32</STRONG> (Thumb, 22 bytes, Stack size 0 bytes, .\build\rtx_mempool.o(.emb_text), UNUSED)

<P><STRONG><a name="[3f2]"></a>__asm___13_rtx_mempool_c_7914b4c7__atomic_chk32_all</STRONG> (Thumb, 38 bytes, Stack size 0 bytes, .\build\rtx_mempool.o(.emb_text), UNUSED)

<P><STRONG><a name="[3f3]"></a>__asm___13_rtx_mempool_c_7914b4c7__atomic_chk32_any</STRONG> (Thumb, 34 bytes, Stack size 0 bytes, .\build\rtx_mempool.o(.emb_text), UNUSED)

<P><STRONG><a name="[3f4]"></a>__asm___13_rtx_mempool_c_7914b4c7__atomic_inc32</STRONG> (Thumb, 18 bytes, Stack size 0 bytes, .\build\rtx_mempool.o(.emb_text), UNUSED)

<P><STRONG><a name="[334]"></a>__asm___13_rtx_mempool_c_7914b4c7__atomic_inc32_lt</STRONG> (Thumb, 30 bytes, Stack size 0 bytes, .\build\rtx_mempool.o(.emb_text))
<BR><BR>[Called By]<UL><LI><a href="#[2e9]">&gt;&gt;</a>&nbsp;&nbsp;&nbsp;osRtxMemoryPoolAlloc
</UL>

<P><STRONG><a name="[3f5]"></a>__asm___13_rtx_mempool_c_7914b4c7__atomic_inc16_lt</STRONG> (Thumb, 30 bytes, Stack size 0 bytes, .\build\rtx_mempool.o(.emb_text), UNUSED)

<P><STRONG><a name="[3f6]"></a>__asm___13_rtx_mempool_c_7914b4c7__atomic_inc16_lim</STRONG> (Thumb, 26 bytes, Stack size 0 bytes, .\build\rtx_mempool.o(.emb_text), UNUSED)

<P><STRONG><a name="[338]"></a>__asm___13_rtx_mempool_c_7914b4c7__atomic_dec32_nz</STRONG> (Thumb, 26 bytes, Stack size 0 bytes, .\build\rtx_mempool.o(.emb_text))
<BR><BR>[Called By]<UL><LI><a href="#[336]">&gt;&gt;</a>&nbsp;&nbsp;&nbsp;osRtxMemoryPoolFree
</UL>

<P><STRONG><a name="[3f7]"></a>__asm___13_rtx_mempool_c_7914b4c7__atomic_dec16_nz</STRONG> (Thumb, 26 bytes, Stack size 0 bytes, .\build\rtx_mempool.o(.emb_text), UNUSED)

<P><STRONG><a name="[335]"></a>__asm___13_rtx_mempool_c_7914b4c7__atomic_link_get</STRONG> (Thumb, 26 bytes, Stack size 0 bytes, .\build\rtx_mempool.o(.emb_text))
<BR><BR>[Called By]<UL><LI><a href="#[2e9]">&gt;&gt;</a>&nbsp;&nbsp;&nbsp;osRtxMemoryPoolAlloc
</UL>

<P><STRONG><a name="[126]"></a>__asm___13_rtx_mempool_c_7914b4c7__atomic_link_put</STRONG> (Thumb, 28 bytes, Stack size 0 bytes, .\build\rtx_mempool.o(.emb_text))
<BR><BR>[Calls]<UL><LI><a href="#[126]">&gt;&gt;</a>&nbsp;&nbsp;&nbsp;__asm___13_rtx_mempool_c_7914b4c7__atomic_link_put
</UL>
<BR>[Called By]<UL><LI><a href="#[336]">&gt;&gt;</a>&nbsp;&nbsp;&nbsp;osRtxMemoryPoolFree
<LI><a href="#[126]">&gt;&gt;</a>&nbsp;&nbsp;&nbsp;__asm___13_rtx_mempool_c_7914b4c7__atomic_link_put
</UL>

<P><STRONG><a name="[1d3]"></a>__asm___14_rtx_msgqueue_c_3fd3b50e__atomic_wr8</STRONG> (Thumb, 16 bytes, Stack size 0 bytes, .\build\rtx_msgqueue.o(.emb_text))
<BR><BR>[Called By]<UL><LI><a href="#[1d1]">&gt;&gt;</a>&nbsp;&nbsp;&nbsp;MessageQueueGet
</UL>

<P><STRONG><a name="[3f8]"></a>__asm___14_rtx_msgqueue_c_3fd3b50e__atomic_set32</STRONG> (Thumb, 20 bytes, Stack size 0 bytes, .\build\rtx_msgqueue.o(.emb_text), UNUSED)

<P><STRONG><a name="[3f9]"></a>__asm___14_rtx_msgqueue_c_3fd3b50e__atomic_clr32</STRONG> (Thumb, 22 bytes, Stack size 0 bytes, .\build\rtx_msgqueue.o(.emb_text), UNUSED)

<P><STRONG><a name="[3fa]"></a>__asm___14_rtx_msgqueue_c_3fd3b50e__atomic_chk32_all</STRONG> (Thumb, 38 bytes, Stack size 0 bytes, .\build\rtx_msgqueue.o(.emb_text), UNUSED)

<P><STRONG><a name="[3fb]"></a>__asm___14_rtx_msgqueue_c_3fd3b50e__atomic_chk32_any</STRONG> (Thumb, 34 bytes, Stack size 0 bytes, .\build\rtx_msgqueue.o(.emb_text), UNUSED)

<P><STRONG><a name="[1d5]"></a>__asm___14_rtx_msgqueue_c_3fd3b50e__atomic_inc32</STRONG> (Thumb, 18 bytes, Stack size 0 bytes, .\build\rtx_msgqueue.o(.emb_text))
<BR><BR>[Called By]<UL><LI><a href="#[1d4]">&gt;&gt;</a>&nbsp;&nbsp;&nbsp;MessageQueuePut
</UL>

<P><STRONG><a name="[3fc]"></a>__asm___14_rtx_msgqueue_c_3fd3b50e__atomic_inc32_lt</STRONG> (Thumb, 30 bytes, Stack size 0 bytes, .\build\rtx_msgqueue.o(.emb_text), UNUSED)

<P><STRONG><a name="[3fd]"></a>__asm___14_rtx_msgqueue_c_3fd3b50e__atomic_inc16_lt</STRONG> (Thumb, 30 bytes, Stack size 0 bytes, .\build\rtx_msgqueue.o(.emb_text), UNUSED)

<P><STRONG><a name="[3fe]"></a>__asm___14_rtx_msgqueue_c_3fd3b50e__atomic_inc16_lim</STRONG> (Thumb, 26 bytes, Stack size 0 bytes, .\build\rtx_msgqueue.o(.emb_text), UNUSED)

<P><STRONG><a name="[1d2]"></a>__asm___14_rtx_msgqueue_c_3fd3b50e__atomic_dec32_nz</STRONG> (Thumb, 26 bytes, Stack size 0 bytes, .\build\rtx_msgqueue.o(.emb_text))
<BR><BR>[Called By]<UL><LI><a href="#[1d1]">&gt;&gt;</a>&nbsp;&nbsp;&nbsp;MessageQueueGet
</UL>

<P><STRONG><a name="[3ff]"></a>__asm___14_rtx_msgqueue_c_3fd3b50e__atomic_dec16_nz</STRONG> (Thumb, 26 bytes, Stack size 0 bytes, .\build\rtx_msgqueue.o(.emb_text), UNUSED)

<P><STRONG><a name="[400]"></a>__asm___14_rtx_msgqueue_c_3fd3b50e__atomic_link_get</STRONG> (Thumb, 26 bytes, Stack size 0 bytes, .\build\rtx_msgqueue.o(.emb_text), UNUSED)

<P><STRONG><a name="[127]"></a>__asm___14_rtx_msgqueue_c_3fd3b50e__atomic_link_put</STRONG> (Thumb, 28 bytes, Stack size 0 bytes, .\build\rtx_msgqueue.o(.emb_text), UNUSED)
<BR><BR>[Calls]<UL><LI><a href="#[127]">&gt;&gt;</a>&nbsp;&nbsp;&nbsp;__asm___14_rtx_msgqueue_c_3fd3b50e__atomic_link_put
</UL>
<BR>[Called By]<UL><LI><a href="#[127]">&gt;&gt;</a>&nbsp;&nbsp;&nbsp;__asm___14_rtx_msgqueue_c_3fd3b50e__atomic_link_put
</UL>

<P><STRONG><a name="[401]"></a>__asm___15_rtx_semaphore_c_eca73427__atomic_wr8</STRONG> (Thumb, 16 bytes, Stack size 0 bytes, .\build\rtx_semaphore.o(.emb_text), UNUSED)

<P><STRONG><a name="[402]"></a>__asm___15_rtx_semaphore_c_eca73427__atomic_set32</STRONG> (Thumb, 20 bytes, Stack size 0 bytes, .\build\rtx_semaphore.o(.emb_text), UNUSED)

<P><STRONG><a name="[403]"></a>__asm___15_rtx_semaphore_c_eca73427__atomic_clr32</STRONG> (Thumb, 22 bytes, Stack size 0 bytes, .\build\rtx_semaphore.o(.emb_text), UNUSED)

<P><STRONG><a name="[404]"></a>__asm___15_rtx_semaphore_c_eca73427__atomic_chk32_all</STRONG> (Thumb, 38 bytes, Stack size 0 bytes, .\build\rtx_semaphore.o(.emb_text), UNUSED)

<P><STRONG><a name="[405]"></a>__asm___15_rtx_semaphore_c_eca73427__atomic_chk32_any</STRONG> (Thumb, 34 bytes, Stack size 0 bytes, .\build\rtx_semaphore.o(.emb_text), UNUSED)

<P><STRONG><a name="[406]"></a>__asm___15_rtx_semaphore_c_eca73427__atomic_inc32</STRONG> (Thumb, 18 bytes, Stack size 0 bytes, .\build\rtx_semaphore.o(.emb_text), UNUSED)

<P><STRONG><a name="[407]"></a>__asm___15_rtx_semaphore_c_eca73427__atomic_inc32_lt</STRONG> (Thumb, 30 bytes, Stack size 0 bytes, .\build\rtx_semaphore.o(.emb_text), UNUSED)

<P><STRONG><a name="[1df]"></a>__asm___15_rtx_semaphore_c_eca73427__atomic_inc16_lt</STRONG> (Thumb, 30 bytes, Stack size 0 bytes, .\build\rtx_semaphore.o(.emb_text))
<BR><BR>[Called By]<UL><LI><a href="#[1de]">&gt;&gt;</a>&nbsp;&nbsp;&nbsp;SemaphoreTokenIncrement
</UL>

<P><STRONG><a name="[408]"></a>__asm___15_rtx_semaphore_c_eca73427__atomic_inc16_lim</STRONG> (Thumb, 26 bytes, Stack size 0 bytes, .\build\rtx_semaphore.o(.emb_text), UNUSED)

<P><STRONG><a name="[409]"></a>__asm___15_rtx_semaphore_c_eca73427__atomic_dec32_nz</STRONG> (Thumb, 26 bytes, Stack size 0 bytes, .\build\rtx_semaphore.o(.emb_text), UNUSED)

<P><STRONG><a name="[1dd]"></a>__asm___15_rtx_semaphore_c_eca73427__atomic_dec16_nz</STRONG> (Thumb, 26 bytes, Stack size 0 bytes, .\build\rtx_semaphore.o(.emb_text))
<BR><BR>[Called By]<UL><LI><a href="#[1dc]">&gt;&gt;</a>&nbsp;&nbsp;&nbsp;SemaphoreTokenDecrement
</UL>

<P><STRONG><a name="[40a]"></a>__asm___15_rtx_semaphore_c_eca73427__atomic_link_get</STRONG> (Thumb, 26 bytes, Stack size 0 bytes, .\build\rtx_semaphore.o(.emb_text), UNUSED)

[...]
<LI><a href="#[37b]">&gt;&gt;</a>&nbsp;&nbsp;&nbsp;serial_leuart_baud
</UL>

<P><STRONG><a name="[37e]"></a>serial_get_index</STRONG> (Thumb, 12 bytes, Stack size 8 bytes, .\build\serial_api.o(i.serial_get_index))
<BR><BR>[Stack]<UL><LI>Max Depth = 8<LI>Call Chain = serial_get_index
</UL>
<BR>[Calls]<UL><LI><a href="#[380]">&gt;&gt;</a>&nbsp;&nbsp;&nbsp;serial_pointer_get_index
</UL>
<BR>[Called By]<UL><LI><a href="#[37c]">&gt;&gt;</a>&nbsp;&nbsp;&nbsp;serial_enable
<LI><a href="#[24a]">&gt;&gt;</a>&nbsp;&nbsp;&nbsp;serial_irq_handler
</UL>

<P><STRONG><a name="[381]"></a>serial_get_rx_irq_index</STRONG> (Thumb, 108 bytes, Stack size 8 bytes, .\build\serial_api.o(i.serial_get_rx_irq_index))
<BR><BR>[Stack]<UL><LI>Max Depth = 536 + Unknown Stack Size
<LI>Call Chain = serial_get_rx_irq_index &rArr; mbed_assert_internal &rArr; mbed_die &rArr; wait_ms &rArr; wait_us &rArr; sleep_manager_lock_deep_sleep_internal &rArr; error &rArr; exit &rArr;  mbed_die (Cycle)
</UL>
<BR>[Calls]<UL><LI><a href="#[23b]">&gt;&gt;</a>&nbsp;&nbsp;&nbsp;mbed_assert_internal
</UL>
<BR>[Called By]<UL><LI><a href="#[242]">&gt;&gt;</a>&nbsp;&nbsp;&nbsp;serial_irq_set
</UL>

<P><STRONG><a name="[382]"></a>serial_get_tx_irq_index</STRONG> (Thumb, 108 bytes, Stack size 8 bytes, .\build\serial_api.o(i.serial_get_tx_irq_index))
<BR><BR>[Stack]<UL><LI>Max Depth = 536 + Unknown Stack Size
<LI>Call Chain = serial_get_tx_irq_index &rArr; mbed_assert_internal &rArr; mbed_die &rArr; wait_ms &rArr; wait_us &rArr; sleep_manager_lock_deep_sleep_internal &rArr; error &rArr; exit &rArr;  mbed_die (Cycle)
</UL>
<BR>[Calls]<UL><LI><a href="#[23b]">&gt;&gt;</a>&nbsp;&nbsp;&nbsp;mbed_assert_internal
</UL>
<BR>[Called By]<UL><LI><a href="#[242]">&gt;&gt;</a>&nbsp;&nbsp;&nbsp;serial_irq_set
</UL>

<P><STRONG><a name="[37b]"></a>serial_leuart_baud</STRONG> (Thumb, 178 bytes, Stack size 24 bytes, .\build\serial_api.o(i.serial_leuart_baud))
<BR><BR>[Stack]<UL><LI>Max Depth = 120 + In Cycle
<LI>Call Chain = serial_leuart_baud &rArr;  mbed_assert_internal (Cycle)
</UL>
<BR>[Calls]<UL><LI><a href="#[23b]">&gt;&gt;</a>&nbsp;&nbsp;&nbsp;mbed_assert_internal
<LI><a href="#[1a9]">&gt;&gt;</a>&nbsp;&nbsp;&nbsp;CMU_ClockSelectSet
<LI><a href="#[19a]">&gt;&gt;</a>&nbsp;&nbsp;&nbsp;CMU_ClockDivSet
<LI><a href="#[1c9]">&gt;&gt;</a>&nbsp;&nbsp;&nbsp;LEUART_BaudrateSet
<LI><a href="#[386]">&gt;&gt;</a>&nbsp;&nbsp;&nbsp;serial_get_clock
</UL>
<BR>[Called By]<UL><LI><a href="#[234]">&gt;&gt;</a>&nbsp;&nbsp;&nbsp;serial_baud
</UL>

<P><STRONG><a name="[380]"></a>serial_pointer_get_index</STRONG> (Thumb, 106 bytes, Stack size 0 bytes, .\build\serial_api.o(i.serial_pointer_get_index))
<BR><BR>[Called By]<UL><LI><a href="#[2f2]">&gt;&gt;</a>&nbsp;&nbsp;&nbsp;uart_irq
<LI><a href="#[37e]">&gt;&gt;</a>&nbsp;&nbsp;&nbsp;serial_get_index
</UL>

<P><STRONG><a name="[38a]"></a>serial_rx_abort_asynch_intern</STRONG> (Thumb, 186 bytes, Stack size 16 bytes, .\build\serial_api.o(i.serial_rx_abort_asynch_intern))
<BR><BR>[Stack]<UL><LI>Max Depth = 488 + Unknown Stack Size
<LI>Call Chain = serial_rx_abort_asynch_intern &rArr; serial_unblock_sleep &rArr; sleep_manager_unlock_deep_sleep_internal &rArr; error &rArr; exit &rArr;  mbed_die (Cycle)
</UL>
<BR>[Calls]<UL><LI><a href="#[397]">&gt;&gt;</a>&nbsp;&nbsp;&nbsp;dma_channel_free
<LI><a href="#[396]">&gt;&gt;</a>&nbsp;&nbsp;&nbsp;DMA_ChannelEnable
<LI><a href="#[39b]">&gt;&gt;</a>&nbsp;&nbsp;&nbsp;serial_unblock_sleep
<LI><a href="#[399]">&gt;&gt;</a>&nbsp;&nbsp;&nbsp;USART_IntDisable
<LI><a href="#[39a]">&gt;&gt;</a>&nbsp;&nbsp;&nbsp;USART_IntClear
<LI><a href="#[398]">&gt;&gt;</a>&nbsp;&nbsp;&nbsp;LEUART_IntDisable
<LI><a href="#[2f3]">&gt;&gt;</a>&nbsp;&nbsp;&nbsp;LEUART_IntClear
</UL>
<BR>[Called By]<UL><LI><a href="#[38c]">&gt;&gt;</a>&nbsp;&nbsp;&nbsp;serial_rx_irq_handler_asynch
<LI><a href="#[23c]">&gt;&gt;</a>&nbsp;&nbsp;&nbsp;serial_irq_handler_asynch
</UL>

<P><STRONG><a name="[388]"></a>serial_set_route</STRONG> (Thumb, 176 bytes, Stack size 0 bytes, .\build\serial_api.o(i.serial_set_route))
<BR><BR>[Called By]<UL><LI><a href="#[233]">&gt;&gt;</a>&nbsp;&nbsp;&nbsp;serial_init
</UL>

<P><STRONG><a name="[38b]"></a>serial_tx_abort_asynch_intern</STRONG> (Thumb, 132 bytes, Stack size 16 bytes, .\build\serial_api.o(i.serial_tx_abort_asynch_intern))
<BR><BR>[Stack]<UL><LI>Max Depth = 488 + Unknown Stack Size
<LI>Call Chain = serial_tx_abort_asynch_intern &rArr; serial_unblock_sleep &rArr; sleep_manager_unlock_deep_sleep_internal &rArr; error &rArr; exit &rArr;  mbed_die (Cycle)
</UL>
<BR>[Calls]<UL><LI><a href="#[397]">&gt;&gt;</a>&nbsp;&nbsp;&nbsp;dma_channel_free
<LI><a href="#[396]">&gt;&gt;</a>&nbsp;&nbsp;&nbsp;DMA_ChannelEnable
<LI><a href="#[39b]">&gt;&gt;</a>&nbsp;&nbsp;&nbsp;serial_unblock_sleep
<LI><a href="#[399]">&gt;&gt;</a>&nbsp;&nbsp;&nbsp;USART_IntDisable
<LI><a href="#[39a]">&gt;&gt;</a>&nbsp;&nbsp;&nbsp;USART_IntClear
<LI><a href="#[398]">&gt;&gt;</a>&nbsp;&nbsp;&nbsp;LEUART_IntDisable
<LI><a href="#[2f3]">&gt;&gt;</a>&nbsp;&nbsp;&nbsp;LEUART_IntClear
</UL>
<BR>[Called By]<UL><LI><a href="#[38e]">&gt;&gt;</a>&nbsp;&nbsp;&nbsp;serial_tx_irq_handler_asynch
<LI><a href="#[23c]">&gt;&gt;</a>&nbsp;&nbsp;&nbsp;serial_irq_handler_asynch
</UL>

<P><STRONG><a name="[39b]"></a>serial_unblock_sleep</STRONG> (Thumb, 48 bytes, Stack size 8 bytes, .\build\serial_api.o(i.serial_unblock_sleep))
<BR><BR>[Stack]<UL><LI>Max Depth = 472 + Unknown Stack Size
<LI>Call Chain = serial_unblock_sleep &rArr; sleep_manager_unlock_deep_sleep_internal &rArr; error &rArr; exit &rArr;  mbed_die (Cycle)
</UL>
<BR>[Calls]<UL><LI><a href="#[1c7]">&gt;&gt;</a>&nbsp;&nbsp;&nbsp;LEUART_BaudrateGet
<LI><a href="#[23f]">&gt;&gt;</a>&nbsp;&nbsp;&nbsp;sleep_manager_unlock_deep_sleep_internal
</UL>
<BR>[Called By]<UL><LI><a href="#[38b]">&gt;&gt;</a>&nbsp;&nbsp;&nbsp;serial_tx_abort_asynch_intern
<LI><a href="#[38a]">&gt;&gt;</a>&nbsp;&nbsp;&nbsp;serial_rx_abort_asynch_intern
</UL>

<P><STRONG><a name="[7a]"></a>uart0_rx_irq</STRONG> (Thumb, 12 bytes, Stack size 8 bytes, .\build\serial_api.o(i.uart0_rx_irq))
<BR><BR>[Stack]<UL><LI>Max Depth = 24<LI>Call Chain = uart0_rx_irq &rArr; uart_irq
</UL>
<BR>[Calls]<UL><LI><a href="#[2f2]">&gt;&gt;</a>&nbsp;&nbsp;&nbsp;uart_irq
</UL>
<BR>[Address Reference Count : 1]<UL><LI> serial_api.o(i.serial_preinit)
</UL>
<P><STRONG><a name="[7b]"></a>uart0_tx_irq</STRONG> (Thumb, 20 bytes, Stack size 8 bytes, .\build\serial_api.o(i.uart0_tx_irq))
<BR><BR>[Stack]<UL><LI>Max Depth = 24<LI>Call Chain = uart0_tx_irq &rArr; uart_irq
</UL>
<BR>[Calls]<UL><LI><a href="#[2f2]">&gt;&gt;</a>&nbsp;&nbsp;&nbsp;uart_irq
<LI><a href="#[39a]">&gt;&gt;</a>&nbsp;&nbsp;&nbsp;USART_IntClear
</UL>
<BR>[Address Reference Count : 1]<UL><LI> serial_api.o(i.serial_preinit)
</UL>
<P><STRONG><a name="[7c]"></a>uart1_rx_irq</STRONG> (Thumb, 12 bytes, Stack size 8 bytes, .\build\serial_api.o(i.uart1_rx_irq))
<BR><BR>[Stack]<UL><LI>Max Depth = 24<LI>Call Chain = uart1_rx_irq &rArr; uart_irq
</UL>
<BR>[Calls]<UL><LI><a href="#[2f2]">&gt;&gt;</a>&nbsp;&nbsp;&nbsp;uart_irq
</UL>
<BR>[Address Reference Count : 1]<UL><LI> serial_api.o(i.serial_preinit)
</UL>
<P><STRONG><a name="[7d]"></a>uart1_tx_irq</STRONG> (Thumb, 20 bytes, Stack size 8 bytes, .\build\serial_api.o(i.uart1_tx_irq))
<BR><BR>[Stack]<UL><LI>Max Depth = 24<LI>Call Chain = uart1_tx_irq &rArr; uart_irq
</UL>
<BR>[Calls]<UL><LI><a href="#[2f2]">&gt;&gt;</a>&nbsp;&nbsp;&nbsp;uart_irq
<LI><a href="#[39a]">&gt;&gt;</a>&nbsp;&nbsp;&nbsp;USART_IntClear
</UL>
<BR>[Address Reference Count : 1]<UL><LI> serial_api.o(i.serial_preinit)
</UL>
<P><STRONG><a name="[387]"></a>uart_init</STRONG> (Thumb, 276 bytes, Stack size 48 bytes, .\build\serial_api.o(i.uart_init))
<BR><BR>[Stack]<UL><LI>Max Depth = 184<LI>Call Chain = uart_init &rArr; serial_baud &rArr; serial_leuart_baud &rArr;  mbed_assert_internal (Cycle)
</UL>
<BR>[Calls]<UL><LI><a href="#[1cc]">&gt;&gt;</a>&nbsp;&nbsp;&nbsp;LEUART_Init
<LI><a href="#[1e8]">&gt;&gt;</a>&nbsp;&nbsp;&nbsp;USART_InitAsync
<LI><a href="#[234]">&gt;&gt;</a>&nbsp;&nbsp;&nbsp;serial_baud
<LI><a href="#[15e]">&gt;&gt;</a>&nbsp;&nbsp;&nbsp;__aeabi_memcpy4
</UL>
<BR>[Called By]<UL><LI><a href="#[233]">&gt;&gt;</a>&nbsp;&nbsp;&nbsp;serial_init
</UL>

<P><STRONG><a name="[2f2]"></a>uart_irq</STRONG> (Thumb, 38 bytes, Stack size 16 bytes, .\build\serial_api.o(i.uart_irq))
<BR><BR>[Stack]<UL><LI>Max Depth = 16<LI>Call Chain = uart_irq
</UL>
<BR>[Calls]<UL><LI><a href="#[380]">&gt;&gt;</a>&nbsp;&nbsp;&nbsp;serial_pointer_get_index
</UL>
<BR>[Called By]<UL><LI><a href="#[83]">&gt;&gt;</a>&nbsp;&nbsp;&nbsp;usart2_tx_irq
<LI><a href="#[82]">&gt;&gt;</a>&nbsp;&nbsp;&nbsp;usart2_rx_irq
<LI><a href="#[81]">&gt;&gt;</a>&nbsp;&nbsp;&nbsp;usart1_tx_irq
<LI><a href="#[80]">&gt;&gt;</a>&nbsp;&nbsp;&nbsp;usart1_rx_irq
<LI><a href="#[7f]">&gt;&gt;</a>&nbsp;&nbsp;&nbsp;usart0_tx_irq
<LI><a href="#[7e]">&gt;&gt;</a>&nbsp;&nbsp;&nbsp;usart0_rx_irq
<LI><a href="#[7d]">&gt;&gt;</a>&nbsp;&nbsp;&nbsp;uart1_tx_irq
<LI><a href="#[7c]">&gt;&gt;</a>&nbsp;&nbsp;&nbsp;uart1_rx_irq
<LI><a href="#[7b]">&gt;&gt;</a>&nbsp;&nbsp;&nbsp;uart0_tx_irq
<LI><a href="#[7a]">&gt;&gt;</a>&nbsp;&nbsp;&nbsp;uart0_rx_irq
<LI><a href="#[85]">&gt;&gt;</a>&nbsp;&nbsp;&nbsp;leuart1_irq
<LI><a href="#[84]">&gt;&gt;</a>&nbsp;&nbsp;&nbsp;leuart0_irq
</UL>

<P><STRONG><a name="[7e]"></a>usart0_rx_irq</STRONG> (Thumb, 12 bytes, Stack size 8 bytes, .\build\serial_api.o(i.usart0_rx_irq))
<BR><BR>[Stack]<UL><LI>Max Depth = 24<LI>Call Chain = usart0_rx_irq &rArr; uart_irq
</UL>
<BR>[Calls]<UL><LI><a href="#[2f2]">&gt;&gt;</a>&nbsp;&nbsp;&nbsp;uart_irq
</UL>
<BR>[Address Reference Count : 1]<UL><LI> serial_api.o(i.serial_preinit)
</UL>
<P><STRONG><a name="[7f]"></a>usart0_tx_irq</STRONG> (Thumb, 20 bytes, Stack size 8 bytes, .\build\serial_api.o(i.usart0_tx_irq))
<BR><BR>[Stack]<UL><LI>Max Depth = 24<LI>Call Chain = usart0_tx_irq &rArr; uart_irq
</UL>
<BR>[Calls]<UL><LI><a href="#[2f2]">&gt;&gt;</a>&nbsp;&nbsp;&nbsp;uart_irq
<LI><a href="#[39a]">&gt;&gt;</a>&nbsp;&nbsp;&nbsp;USART_IntClear
</UL>
<BR>[Address Reference Count : 1]<UL><LI> serial_api.o(i.serial_preinit)
</UL>
<P><STRONG><a name="[80]"></a>usart1_rx_irq</STRONG> (Thumb, 12 bytes, Stack size 8 bytes, .\build\serial_api.o(i.usart1_rx_irq))
<BR><BR>[Stack]<UL><LI>Max Depth = 24<LI>Call Chain = usart1_rx_irq &rArr; uart_irq
</UL>
<BR>[Calls]<UL><LI><a href="#[2f2]">&gt;&gt;</a>&nbsp;&nbsp;&nbsp;uart_irq
</UL>
<BR>[Address Reference Count : 1]<UL><LI> serial_api.o(i.serial_preinit)
</UL>
<P><STRONG><a name="[81]"></a>usart1_tx_irq</STRONG> (Thumb, 20 bytes, Stack size 8 bytes, .\build\serial_api.o(i.usart1_tx_irq))
<BR><BR>[Stack]<UL><LI>Max Depth = 24<LI>Call Chain = usart1_tx_irq &rArr; uart_irq
</UL>
<BR>[Calls]<UL><LI><a href="#[2f2]">&gt;&gt;</a>&nbsp;&nbsp;&nbsp;uart_irq
<LI><a href="#[39a]">&gt;&gt;</a>&nbsp;&nbsp;&nbsp;USART_IntClear
</UL>
<BR>[Address Reference Count : 1]<UL><LI> serial_api.o(i.serial_preinit)
</UL>
<P><STRONG><a name="[82]"></a>usart2_rx_irq</STRONG> (Thumb, 12 bytes, Stack size 8 bytes, .\build\serial_api.o(i.usart2_rx_irq))
<BR><BR>[Stack]<UL><LI>Max Depth = 24<LI>Call Chain = usart2_rx_irq &rArr; uart_irq
</UL>
<BR>[Calls]<UL><LI><a href="#[2f2]">&gt;&gt;</a>&nbsp;&nbsp;&nbsp;uart_irq
</UL>
<BR>[Address Reference Count : 1]<UL><LI> serial_api.o(i.serial_preinit)
</UL>
<P><STRONG><a name="[83]"></a>usart2_tx_irq</STRONG> (Thumb, 20 bytes, Stack size 8 bytes, .\build\serial_api.o(i.usart2_tx_irq))
<BR><BR>[Stack]<UL><LI>Max Depth = 24<LI>Call Chain = usart2_tx_irq &rArr; uart_irq
</UL>
<BR>[Calls]<UL><LI><a href="#[2f2]">&gt;&gt;</a>&nbsp;&nbsp;&nbsp;uart_irq
<LI><a href="#[39a]">&gt;&gt;</a>&nbsp;&nbsp;&nbsp;USART_IntClear
</UL>
<BR>[Address Reference Count : 1]<UL><LI> serial_api.o(i.serial_preinit)
</UL>
<P><STRONG><a name="[52]"></a>&lang;Func4&rang;</STRONG> (Thumb, 14 bytes, Stack size 8 bytes, .\build\serialbase.o(i.<Func4>))
<BR><BR>[Stack]<UL><LI>Max Depth = 16<LI>Call Chain = &lang;Func4&rang; &rArr; mbed::Callback&lang;void()&rang;::Callback(void(*)())
</UL>
<BR>[Calls]<UL><LI><a href="#[199]">&gt;&gt;</a>&nbsp;&nbsp;&nbsp;mbed::Callback&lang;void()&rang;::Callback(void(*)())
</UL>
<BR>[Address Reference Count : 1]<UL><LI> serialbase.o(i._ZN4mbed10SerialBaseC1E7PinNameS1_i)
</UL>
<P><STRONG><a name="[ee]"></a>__sti___7_SPI_cpp_ab1f1164</STRONG> (Thumb, 46 bytes, Stack size 16 bytes, .\build\spi.o(i.__sti___7_SPI_cpp_ab1f1164))
<BR><BR>[Stack]<UL><LI>Max Depth = 40<LI>Call Chain = __sti___7_SPI_cpp_ab1f1164 &rArr; __aeabi_vec_ctor_nocookie_nodtor
</UL>
<BR>[Calls]<UL><LI><a href="#[208]">&gt;&gt;</a>&nbsp;&nbsp;&nbsp;__aeabi_atexit
<LI><a href="#[249]">&gt;&gt;</a>&nbsp;&nbsp;&nbsp;__aeabi_vec_ctor_nocookie_nodtor
</UL>
<BR>[Address Reference Count : 1]<UL><LI> spi.o(.init_array)
</UL>
<P><STRONG><a name="[3c0]"></a>TIMER_CompareSet</STRONG> (Thumb, 16 bytes, Stack size 0 bytes, .\build\us_ticker.o(i.TIMER_CompareSet))
<BR><BR>[Called By]<UL><LI><a href="#[9b]">&gt;&gt;</a>&nbsp;&nbsp;&nbsp;us_ticker_set_interrupt
</UL>

<P><STRONG><a name="[3bb]"></a>TIMER_IntClear</STRONG> (Thumb, 4 bytes, Stack size 0 bytes, .\build\us_ticker.o(i.TIMER_IntClear))
<BR><BR>[Called By]<UL><LI><a href="#[9b]">&gt;&gt;</a>&nbsp;&nbsp;&nbsp;us_ticker_set_interrupt
<LI><a href="#[9a]">&gt;&gt;</a>&nbsp;&nbsp;&nbsp;us_ticker_clear_interrupt
<LI><a href="#[8d]">&gt;&gt;</a>&nbsp;&nbsp;&nbsp;us_ticker_irq_handler_internal
</UL>

<P><STRONG><a name="[3bc]"></a>TIMER_IntDisable</STRONG> (Thumb, 8 bytes, Stack size 0 bytes, .\build\us_ticker.o(i.TIMER_IntDisable))
<BR><BR>[Called By]<UL><LI><a href="#[9b]">&gt;&gt;</a>&nbsp;&nbsp;&nbsp;us_ticker_set_interrupt
<LI><a href="#[99]">&gt;&gt;</a>&nbsp;&nbsp;&nbsp;us_ticker_disable_interrupt
</UL>

<P><STRONG><a name="[3bd]"></a>TIMER_IntEnable</STRONG> (Thumb, 8 bytes, Stack size 0 bytes, .\build\us_ticker.o(i.TIMER_IntEnable))
<BR><BR>[Called By]<UL><LI><a href="#[9b]">&gt;&gt;</a>&nbsp;&nbsp;&nbsp;us_ticker_set_interrupt
<LI><a href="#[97]">&gt;&gt;</a>&nbsp;&nbsp;&nbsp;us_ticker_init
</UL>

<P><STRONG><a name="[3be]"></a>TIMER_IntGet</STRONG> (Thumb, 6 bytes, Stack size 0 bytes, .\build\us_ticker.o(i.TIMER_IntGet))
<BR><BR>[Called By]<UL><LI><a href="#[98]">&gt;&gt;</a>&nbsp;&nbsp;&nbsp;us_ticker_read
<LI><a href="#[8d]">&gt;&gt;</a>&nbsp;&nbsp;&nbsp;us_ticker_irq_handler_internal
</UL>

<P><STRONG><a name="[1f4]"></a>ITM_SendChar(unsigned)</STRONG> (Thumb, 44 bytes, Stack size 0 bytes, .\build\main.o(i._Z12ITM_SendCharj))
<BR><BR>[Called By]<UL><LI><a href="#[1f3]">&gt;&gt;</a>&nbsp;&nbsp;&nbsp;send_string(char*)
</UL>

<P><STRONG><a name="[50]"></a>SYSTEM_GetUnique()</STRONG> (Thumb, 24 bytes, Stack size 8 bytes, .\build\main.o(i._Z16SYSTEM_GetUniquev))
<BR><BR>[Stack]<UL><LI>Max Depth = 8<LI>Call Chain = SYSTEM_GetUnique()
</UL>
<BR>[Address Reference Count : 2]<UL><LI> main.o(i._Z16PWP_SW_BG96_testv)
<LI> main.o(i.main)
</UL>
<P><STRONG><a name="[ef]"></a>__sti___8_main_cpp_led0_n</STRONG> (Thumb, 626 bytes, Stack size 32 bytes, .\build\main.o(i.__sti___8_main_cpp_led0_n))
<BR><BR>[Stack]<UL><LI>Max Depth = 880 + Unknown Stack Size
<LI>Call Chain = __sti___8_main_cpp_led0_n &rArr; mbed::Serial::Serial(PinName, PinName, const char*, int) &rArr; mbed::Stream::Stream__sub_object(const char*) &rArr; mbed::fdopen(mbed::FileHandle*, const char*) &rArr; fdopen &rArr; fopen &rArr; _freopen_locked &rArr; _sys_open &rArr; open &rArr; mbed::FilePath::FilePath(const char*) &rArr; mbed::FileBase::lookup(const char*, unsigned) &rArr; SingletonPtr&lang;rtos::Mutex&rang;::operator -&rang;() &rArr; SingletonPtr&lang;rtos::Mutex&rang;::get() &rArr; rtos::Mutex::Mutex() &rArr; rtos::Mutex::constructor(const char*) &rArr; mbed_assert_internal &rArr; mbed_die &rArr; wait_ms &rArr; wait_us &rArr; sleep_manager_lock_deep_sleep_internal &rArr; error &rArr; exit &rArr;  mbed_die (Cycle)
</UL>
<BR>[Calls]<UL><LI><a href="#[208]">&gt;&gt;</a>&nbsp;&nbsp;&nbsp;__aeabi_atexit
<LI><a href="#[215]">&gt;&gt;</a>&nbsp;&nbsp;&nbsp;mbed::Timer::Timer()
<LI><a href="#[199]">&gt;&gt;</a>&nbsp;&nbsp;&nbsp;mbed::Callback&lang;void()&rang;::Callback(void(*)())
<LI><a href="#[235]">&gt;&gt;</a>&nbsp;&nbsp;&nbsp;mbed::DigitalOut::DigitalOut(PinName)
<LI><a href="#[299]">&gt;&gt;</a>&nbsp;&nbsp;&nbsp;mbed::DigitalIn::DigitalIn(PinName)
<LI><a href="#[260]">&gt;&gt;</a>&nbsp;&nbsp;&nbsp;rtos::Mutex::Mutex()
<LI><a href="#[27d]">&gt;&gt;</a>&nbsp;&nbsp;&nbsp;rtos::Semaphore::Semaphore(int)
<LI><a href="#[2a0]">&gt;&gt;</a>&nbsp;&nbsp;&nbsp;rtos::Thread::constructor(osPriority_t, unsigned, unsigned char*, const char*)
<LI><a href="#[27c]">&gt;&gt;</a>&nbsp;&nbsp;&nbsp;mbed::EasyCellularConnection::EasyCellularConnection(bool)
<LI><a href="#[284]">&gt;&gt;</a>&nbsp;&nbsp;&nbsp;mbed::Serial::Serial(PinName, PinName, const char*, int)
<LI><a href="#[2af]">&gt;&gt;</a>&nbsp;&nbsp;&nbsp;PinDetect::PinDetect(PinName)
<LI><a href="#[29b]">&gt;&gt;</a>&nbsp;&nbsp;&nbsp;mbed::DigitalIn::DigitalIn(PinName, PinMode)
<LI><a href="#[28c]">&gt;&gt;</a>&nbsp;&nbsp;&nbsp;mbed::Ticker::Ticker()
<LI><a href="#[268]">&gt;&gt;</a>&nbsp;&nbsp;&nbsp;mbed::LowPowerTicker::LowPowerTicker()
</UL>
<BR>[Address Reference Count : 1]<UL><LI> main.o(.init_array)
</UL>
<P><STRONG><a name="[132]"></a>Heap1_SizeAdjust</STRONG> (Thumb, 8 bytes, Stack size 0 bytes, C:\Keil_v5\ARM\ARMCC\Bin\..\lib\armlib\c_w.l(h1_alloc_mt.o)(.text))
<BR><BR>[Called By]<UL><LI><a href="#[131]">&gt;&gt;</a>&nbsp;&nbsp;&nbsp;_malloc_internal
</UL>

<P><STRONG><a name="[158]"></a>_freopen_locked</STRONG> (Thumb, 174 bytes, Stack size 32 bytes, C:\Keil_v5\ARM\ARMCC\Bin\..\lib\armlib\c_w.l(fopen_locked.o)(.text))
<BR><BR>[Stack]<UL><LI>Max Depth = 736 + Unknown Stack Size
<LI>Call Chain = _freopen_locked &rArr; _sys_open &rArr; open &rArr; mbed::FilePath::FilePath(const char*) &rArr; mbed::FileBase::lookup(const char*, unsigned) &rArr; SingletonPtr&lang;rtos::Mutex&rang;::operator -&rang;() &rArr; SingletonPtr&lang;rtos::Mutex&rang;::get() &rArr; rtos::Mutex::Mutex() &rArr; rtos::Mutex::constructor(const char*) &rArr; mbed_assert_internal &rArr; mbed_die &rArr; wait_ms &rArr; wait_us &rArr; sleep_manager_lock_deep_sleep_internal &rArr; error &rArr; exit &rArr;  mbed_die (Cycle)
</UL>
<BR>[Calls]<UL><LI><a href="#[159]">&gt;&gt;</a>&nbsp;&nbsp;&nbsp;_sys_open
<LI><a href="#[f2]">&gt;&gt;</a>&nbsp;&nbsp;&nbsp;_mutex_release
<LI><a href="#[f1]">&gt;&gt;</a>&nbsp;&nbsp;&nbsp;_mutex_acquire
<LI><a href="#[14e]">&gt;&gt;</a>&nbsp;&nbsp;&nbsp;_fclose_internal
<LI><a href="#[156]">&gt;&gt;</a>&nbsp;&nbsp;&nbsp;_fseek
</UL>
<BR>[Called By]<UL><LI><a href="#[15b]">&gt;&gt;</a>&nbsp;&nbsp;&nbsp;fopen
<LI><a href="#[15a]">&gt;&gt;</a>&nbsp;&nbsp;&nbsp;freopen
</UL>

<P><STRONG><a name="[166]"></a>_fp_digits</STRONG> (Thumb, 432 bytes, Stack size 96 bytes, C:\Keil_v5\ARM\ARMCC\Bin\..\lib\armlib\c_w.l(_printf_fp_dec.o)(.text))
<BR><BR>[Stack]<UL><LI>Max Depth = 220<LI>Call Chain = _fp_digits &rArr; _btod_etento &rArr; _btod_emul &rArr; _e2e
</UL>
<BR>[Calls]<UL><LI><a href="#[16a]">&gt;&gt;</a>&nbsp;&nbsp;&nbsp;_btod_emul
<LI><a href="#[169]">&gt;&gt;</a>&nbsp;&nbsp;&nbsp;_btod_ediv
<LI><a href="#[168]">&gt;&gt;</a>&nbsp;&nbsp;&nbsp;_btod_d2e
<LI><a href="#[167]">&gt;&gt;</a>&nbsp;&nbsp;&nbsp;_btod_etento
<LI><a href="#[16b]">&gt;&gt;</a>&nbsp;&nbsp;&nbsp;_ll_udiv10
</UL>
<BR>[Called By]<UL><LI><a href="#[16c]">&gt;&gt;</a>&nbsp;&nbsp;&nbsp;_printf_fp_dec_real
</UL>

<P><STRONG><a name="[49]"></a>_printf_input_char</STRONG> (Thumb, 10 bytes, Stack size 0 bytes, C:\Keil_v5\ARM\ARMCC\Bin\..\lib\armlib\c_w.l(_printf_char_common.o)(.text))
<BR>[Address Reference Count : 1]<UL><LI> _printf_char_common.o(.text)
</UL>
<P><STRONG><a name="[4a]"></a>_scanf_char_input</STRONG> (Thumb, 12 bytes, Stack size 0 bytes, C:\Keil_v5\ARM\ARMCC\Bin\..\lib\armlib\c_w.l(scanf_char.o)(.text))
<BR>[Address Reference Count : 1]<UL><LI> scanf_char.o(.text)
</UL><P>
<H3>
Undefined Global Symbols
</H3><HR></body></html>
